    custom_components.climate_ip.connection_aiohttp.xǁConnectionAiohttp8888ǁ__init____mutmut_1: survived
    custom_components.climate_ip.connection_aiohttp.xǁConnectionAiohttp8888ǁ__init____mutmut_2: survived
    custom_components.climate_ip.connection_aiohttp.xǁConnectionAiohttp8888ǁ__init____mutmut_3: survived
    custom_components.climate_ip.connection_aiohttp.xǁConnectionAiohttp8888ǁ__init____mutmut_4: survived
    custom_components.climate_ip.connection_aiohttp.xǁConnectionAiohttp8888ǁ__init____mutmut_5: survived
    custom_components.climate_ip.connection_aiohttp.xǁConnectionAiohttp8888ǁ__init____mutmut_6: survived
    custom_components.climate_ip.connection_aiohttp.xǁConnectionAiohttp8888ǁ__init____mutmut_7: survived
    custom_components.climate_ip.connection_aiohttp.xǁConnectionAiohttp8888ǁ__init____mutmut_9: survived
    custom_components.climate_ip.connection_aiohttp.xǁConnectionAiohttp8888ǁ__init____mutmut_13: survived
    custom_components.climate_ip.connection_aiohttp.xǁConnectionAiohttp8888ǁ__init____mutmut_32: survived
    custom_components.climate_ip.connection_aiohttp.xǁConnectionAiohttp8888ǁ__init____mutmut_43: survived
    custom_components.climate_ip.connection_aiohttp.xǁConnectionAiohttp8888ǁ__init____mutmut_44: survived
    custom_components.climate_ip.connection_aiohttp.xǁConnectionAiohttp8888ǁ__init____mutmut_45: survived
    custom_components.climate_ip.connection_aiohttp.xǁConnectionAiohttp8888ǁ__init____mutmut_46: survived
    custom_components.climate_ip.connection_aiohttp.xǁConnectionAiohttp8888ǁ__init____mutmut_49: survived
    custom_components.climate_ip.connection_aiohttp.xǁConnectionAiohttp8888ǁ__init____mutmut_50: survived
    custom_components.climate_ip.connection_aiohttp.xǁConnectionAiohttp8888ǁ__init____mutmut_51: survived
    custom_components.climate_ip.connection_aiohttp.xǁConnectionAiohttp8888ǁ__init____mutmut_52: survived
    custom_components.climate_ip.connection_aiohttp.xǁConnectionAiohttp8888ǁ__init____mutmut_53: survived
    custom_components.climate_ip.connection_aiohttp.xǁConnectionAiohttp8888ǁ__init____mutmut_54: survived
    custom_components.climate_ip.connection_aiohttp.xǁConnectionAiohttp8888ǁ__init____mutmut_55: survived
    custom_components.climate_ip.connection_aiohttp.xǁConnectionAiohttp8888ǁ__init____mutmut_56: survived
    custom_components.climate_ip.connection_aiohttp.xǁConnectionAiohttp8888ǁ__init____mutmut_57: survived
    custom_components.climate_ip.connection_aiohttp.xǁConnectionAiohttp8888ǁ__init____mutmut_58: survived
    custom_components.climate_ip.connection_aiohttp.xǁConnectionAiohttp8888ǁ__init____mutmut_59: survived
    custom_components.climate_ip.connection_aiohttp.xǁConnectionAiohttp8888ǁ__init____mutmut_60: survived
    custom_components.climate_ip.connection_aiohttp.xǁConnectionAiohttp8888ǁ__init____mutmut_62: survived
    custom_components.climate_ip.connection_aiohttp.xǁConnectionAiohttp8888ǁ__init____mutmut_63: survived
    custom_components.climate_ip.connection_aiohttp.xǁConnectionAiohttp8888ǁ__init____mutmut_64: survived
    custom_components.climate_ip.connection_aiohttp.xǁConnectionAiohttp8888ǁ__init____mutmut_65: survived
    custom_components.climate_ip.connection_aiohttp.xǁConnectionAiohttp8888ǁ__init____mutmut_66: survived
    custom_components.climate_ip.connection_aiohttp.xǁConnectionAiohttp8888ǁ__init____mutmut_67: survived
    custom_components.climate_ip.connection_aiohttp.xǁConnectionAiohttp8888ǁset_controller_ref__mutmut_1: no tests
    custom_components.climate_ip.connection_aiohttp.xǁConnectionAiohttp8888ǁset_controller_ref__mutmut_2: no tests
    custom_components.climate_ip.connection_aiohttp.xǁConnectionAiohttp8888ǁset_controller_ref__mutmut_3: no tests
    custom_components.climate_ip.connection_aiohttp.xǁConnectionAiohttp8888ǁset_controller_ref__mutmut_4: no tests
    custom_components.climate_ip.connection_aiohttp.xǁConnectionAiohttp8888ǁ_resolve_cert_path__mutmut_2: survived
    custom_components.climate_ip.connection_aiohttp.xǁConnectionAiohttp8888ǁ_resolve_cert_path__mutmut_3: survived
    custom_components.climate_ip.connection_aiohttp.xǁConnectionAiohttp8888ǁ_resolve_cert_path__mutmut_4: survived
    custom_components.climate_ip.connection_aiohttp.xǁConnectionAiohttp8888ǁ_resolve_cert_path__mutmut_5: survived
    custom_components.climate_ip.connection_aiohttp.xǁConnectionAiohttp8888ǁ_resolve_cert_path__mutmut_6: survived
    custom_components.climate_ip.connection_aiohttp.xǁConnectionAiohttp8888ǁ_create_ssl_context__mutmut_1: survived
    custom_components.climate_ip.connection_aiohttp.xǁConnectionAiohttp8888ǁ_create_ssl_context__mutmut_2: survived
    custom_components.climate_ip.connection_aiohttp.xǁConnectionAiohttp8888ǁ_create_ssl_context__mutmut_3: survived
    custom_components.climate_ip.connection_aiohttp.xǁConnectionAiohttp8888ǁ_create_ssl_context__mutmut_4: survived
    custom_components.climate_ip.connection_aiohttp.xǁConnectionAiohttp8888ǁ_create_ssl_context__mutmut_5: survived
    custom_components.climate_ip.connection_aiohttp.xǁConnectionAiohttp8888ǁ_create_ssl_context__mutmut_6: survived
    custom_components.climate_ip.connection_aiohttp.xǁConnectionAiohttp8888ǁ_create_ssl_context__mutmut_7: survived
    custom_components.climate_ip.connection_aiohttp.xǁConnectionAiohttp8888ǁ_create_ssl_context__mutmut_8: survived
    custom_components.climate_ip.connection_aiohttp.xǁConnectionAiohttp8888ǁ_create_ssl_context__mutmut_10: survived
    custom_components.climate_ip.connection_aiohttp.xǁConnectionAiohttp8888ǁ_create_ssl_context__mutmut_11: survived
    custom_components.climate_ip.connection_aiohttp.xǁConnectionAiohttp8888ǁ_create_ssl_context__mutmut_14: survived
    custom_components.climate_ip.connection_aiohttp.xǁConnectionAiohttp8888ǁ_create_ssl_context__mutmut_15: survived
    custom_components.climate_ip.connection_aiohttp.xǁConnectionAiohttp8888ǁ_create_ssl_context__mutmut_16: survived
    custom_components.climate_ip.connection_aiohttp.xǁConnectionAiohttp8888ǁ_create_ssl_context__mutmut_17: survived
    custom_components.climate_ip.connection_aiohttp.xǁConnectionAiohttp8888ǁ_create_ssl_context__mutmut_18: survived
    custom_components.climate_ip.connection_aiohttp.xǁConnectionAiohttp8888ǁ_create_ssl_context__mutmut_19: survived
    custom_components.climate_ip.connection_aiohttp.xǁConnectionAiohttp8888ǁ_create_ssl_context__mutmut_20: survived
    custom_components.climate_ip.connection_aiohttp.xǁConnectionAiohttp8888ǁ_create_ssl_context__mutmut_30: survived
    custom_components.climate_ip.connection_aiohttp.xǁConnectionAiohttp8888ǁ_create_ssl_context__mutmut_31: survived
    custom_components.climate_ip.connection_aiohttp.xǁConnectionAiohttp8888ǁ_create_ssl_context__mutmut_32: survived
    custom_components.climate_ip.connection_aiohttp.xǁConnectionAiohttp8888ǁload_from_yaml__mutmut_1: no tests
    custom_components.climate_ip.connection_aiohttp.xǁConnectionAiohttp8888ǁload_from_yaml__mutmut_2: no tests
    custom_components.climate_ip.connection_aiohttp.xǁConnectionAiohttp8888ǁload_from_yaml__mutmut_3: no tests
    custom_components.climate_ip.connection_aiohttp.xǁConnectionAiohttp8888ǁload_from_yaml__mutmut_4: no tests
    custom_components.climate_ip.connection_aiohttp.xǁConnectionAiohttp8888ǁload_from_yaml__mutmut_5: no tests
    custom_components.climate_ip.connection_aiohttp.xǁConnectionAiohttp8888ǁload_from_yaml__mutmut_6: no tests
    custom_components.climate_ip.connection_aiohttp.xǁConnectionAiohttp8888ǁload_from_yaml__mutmut_7: no tests
    custom_components.climate_ip.connection_aiohttp.xǁConnectionAiohttp8888ǁload_from_yaml__mutmut_8: no tests
    custom_components.climate_ip.connection_aiohttp.xǁConnectionAiohttp8888ǁcreate_updated__mutmut_4: survived
    custom_components.climate_ip.connection_aiohttp.xǁConnectionAiohttp8888ǁcreate_updated__mutmut_5: survived
    custom_components.climate_ip.connection_aiohttp.xǁConnectionAiohttp8888ǁcreate_updated__mutmut_7: survived
    custom_components.climate_ip.connection_aiohttp.xǁConnectionAiohttp8888ǁcreate_updated__mutmut_8: survived
    custom_components.climate_ip.connection_aiohttp.xǁConnectionAiohttp8888ǁcreate_updated__mutmut_10: survived
    custom_components.climate_ip.connection_aiohttp.xǁConnectionAiohttp8888ǁcreate_updated__mutmut_11: survived
    custom_components.climate_ip.connection_aiohttp.xǁConnectionAiohttp8888ǁcreate_updated__mutmut_12: survived
    custom_components.climate_ip.connection_aiohttp.xǁConnectionAiohttp8888ǁcreate_updated__mutmut_24: survived
    custom_components.climate_ip.connection_aiohttp.xǁConnectionAiohttp8888ǁcreate_updated__mutmut_27: survived
    custom_components.climate_ip.connection_aiohttp.xǁConnectionAiohttp8888ǁcreate_updated__mutmut_31: survived
    custom_components.climate_ip.connection_aiohttp.xǁConnectionAiohttp8888ǁcreate_updated__mutmut_33: survived
    custom_components.climate_ip.connection_aiohttp.xǁConnectionAiohttp8888ǁcreate_updated__mutmut_37: survived
    custom_components.climate_ip.connection_aiohttp.xǁConnectionAiohttp8888ǁcreate_updated__mutmut_38: survived
    custom_components.climate_ip.connection_aiohttp.xǁConnectionAiohttp8888ǁcreate_updated__mutmut_39: survived
    custom_components.climate_ip.connection_aiohttp.xǁConnectionAiohttp8888ǁcreate_updated__mutmut_40: survived
    custom_components.climate_ip.connection_aiohttp.xǁConnectionAiohttp8888ǁcreate_updated__mutmut_41: survived
    custom_components.climate_ip.connection_aiohttp.xǁConnectionAiohttp8888ǁcreate_updated__mutmut_42: survived
    custom_components.climate_ip.connection_aiohttp.xǁConnectionAiohttp8888ǁcreate_updated__mutmut_43: survived
    custom_components.climate_ip.connection_aiohttp.xǁConnectionAiohttp8888ǁcreate_updated__mutmut_44: survived
    custom_components.climate_ip.connection_aiohttp.xǁConnectionAiohttp8888ǁcreate_updated__mutmut_45: survived
    custom_components.climate_ip.connection_aiohttp.xǁConnectionAiohttp8888ǁcreate_updated__mutmut_46: survived
    custom_components.climate_ip.connection_aiohttp.xǁConnectionAiohttp8888ǁcreate_updated__mutmut_47: survived
    custom_components.climate_ip.connection_aiohttp.xǁConnectionAiohttp8888ǁcreate_updated__mutmut_48: survived
    custom_components.climate_ip.connection_aiohttp.xǁConnectionAiohttp8888ǁcreate_updated__mutmut_49: survived
    custom_components.climate_ip.connection_aiohttp.xǁConnectionAiohttp8888ǁcreate_updated__mutmut_50: survived
    custom_components.climate_ip.connection_aiohttp.xǁConnectionAiohttp8888ǁcreate_updated__mutmut_51: survived
    custom_components.climate_ip.connection_aiohttp.xǁConnectionAiohttp8888ǁcreate_updated__mutmut_52: survived
    custom_components.climate_ip.connection_aiohttp.xǁConnectionAiohttp8888ǁ_try_connection__mutmut_7: survived
    custom_components.climate_ip.connection_aiohttp.xǁConnectionAiohttp8888ǁ_try_connection__mutmut_8: survived
    custom_components.climate_ip.connection_aiohttp.xǁConnectionAiohttp8888ǁ_try_connection__mutmut_9: survived
    custom_components.climate_ip.connection_aiohttp.xǁConnectionAiohttp8888ǁ_try_connection__mutmut_10: survived
    custom_components.climate_ip.connection_aiohttp.xǁConnectionAiohttp8888ǁ_try_connection__mutmut_11: survived
    custom_components.climate_ip.connection_aiohttp.xǁConnectionAiohttp8888ǁ_try_connection__mutmut_12: survived
    custom_components.climate_ip.connection_aiohttp.xǁConnectionAiohttp8888ǁ_try_connection__mutmut_13: survived
    custom_components.climate_ip.connection_aiohttp.xǁConnectionAiohttp8888ǁ_try_connection__mutmut_14: survived
    custom_components.climate_ip.connection_aiohttp.xǁConnectionAiohttp8888ǁ_try_connection__mutmut_15: survived
    custom_components.climate_ip.connection_aiohttp.xǁConnectionAiohttp8888ǁ_try_connection__mutmut_16: survived
    custom_components.climate_ip.connection_aiohttp.xǁConnectionAiohttp8888ǁ_try_connection__mutmut_17: survived
    custom_components.climate_ip.connection_aiohttp.xǁConnectionAiohttp8888ǁ_try_connection__mutmut_18: survived
    custom_components.climate_ip.connection_aiohttp.xǁConnectionAiohttp8888ǁ_try_connection__mutmut_19: survived
    custom_components.climate_ip.connection_aiohttp.xǁConnectionAiohttp8888ǁ_try_connection__mutmut_20: survived
    custom_components.climate_ip.connection_aiohttp.xǁConnectionAiohttp8888ǁ_try_connection__mutmut_21: survived
    custom_components.climate_ip.connection_aiohttp.xǁConnectionAiohttp8888ǁ_try_connection__mutmut_22: survived
    custom_components.climate_ip.connection_aiohttp.xǁConnectionAiohttp8888ǁ_try_connection__mutmut_23: survived
    custom_components.climate_ip.connection_aiohttp.xǁConnectionAiohttp8888ǁ_try_connection__mutmut_24: survived
    custom_components.climate_ip.connection_aiohttp.xǁConnectionAiohttp8888ǁ_try_connection__mutmut_25: survived
    custom_components.climate_ip.connection_aiohttp.xǁConnectionAiohttp8888ǁ_try_connection__mutmut_28: survived
    custom_components.climate_ip.connection_aiohttp.xǁConnectionAiohttp8888ǁ_try_connection__mutmut_29: survived
    custom_components.climate_ip.connection_aiohttp.xǁConnectionAiohttp8888ǁ_try_connection__mutmut_30: survived
    custom_components.climate_ip.connection_aiohttp.xǁConnectionAiohttp8888ǁ_try_connection__mutmut_31: survived
    custom_components.climate_ip.connection_aiohttp.xǁConnectionAiohttp8888ǁ_try_connection__mutmut_34: survived
    custom_components.climate_ip.connection_aiohttp.xǁConnectionAiohttp8888ǁ_try_connection__mutmut_35: survived
    custom_components.climate_ip.connection_aiohttp.xǁConnectionAiohttp8888ǁ_try_connection__mutmut_36: survived
    custom_components.climate_ip.connection_aiohttp.xǁConnectionAiohttp8888ǁ_try_connection__mutmut_37: survived
    custom_components.climate_ip.connection_aiohttp.xǁConnectionAiohttp8888ǁ_try_connection__mutmut_38: survived
    custom_components.climate_ip.connection_aiohttp.xǁConnectionAiohttp8888ǁ_try_connection__mutmut_39: survived
    custom_components.climate_ip.connection_aiohttp.xǁConnectionAiohttp8888ǁ_try_connection__mutmut_40: survived
    custom_components.climate_ip.connection_aiohttp.xǁConnectionAiohttp8888ǁ_try_connection__mutmut_41: survived
    custom_components.climate_ip.connection_aiohttp.xǁConnectionAiohttp8888ǁ_try_connection__mutmut_42: survived
    custom_components.climate_ip.connection_aiohttp.xǁConnectionAiohttp8888ǁ_try_connection__mutmut_43: survived
    custom_components.climate_ip.connection_aiohttp.xǁConnectionAiohttp8888ǁ_try_connection__mutmut_44: survived
    custom_components.climate_ip.connection_aiohttp.xǁConnectionAiohttp8888ǁ_try_connection__mutmut_45: survived
    custom_components.climate_ip.connection_aiohttp.xǁConnectionAiohttp8888ǁ_try_connection__mutmut_46: survived
    custom_components.climate_ip.connection_aiohttp.xǁConnectionAiohttp8888ǁ_try_connection__mutmut_47: survived
    custom_components.climate_ip.connection_aiohttp.xǁConnectionAiohttp8888ǁ_try_connection__mutmut_48: survived
    custom_components.climate_ip.connection_aiohttp.xǁConnectionAiohttp8888ǁ_try_connection__mutmut_49: survived
    custom_components.climate_ip.connection_aiohttp.xǁConnectionAiohttp8888ǁ_try_connection__mutmut_50: survived
    custom_components.climate_ip.connection_aiohttp.xǁConnectionAiohttp8888ǁ_try_connection__mutmut_51: survived
    custom_components.climate_ip.connection_aiohttp.xǁConnectionAiohttp8888ǁ_try_connection__mutmut_52: survived
    custom_components.climate_ip.connection_aiohttp.xǁConnectionAiohttp8888ǁ_try_connection__mutmut_53: survived
    custom_components.climate_ip.connection_aiohttp.xǁConnectionAiohttp8888ǁ_try_connection__mutmut_54: survived
    custom_components.climate_ip.connection_aiohttp.xǁConnectionAiohttp8888ǁ_try_connection__mutmut_55: survived
    custom_components.climate_ip.connection_aiohttp.xǁConnectionAiohttp8888ǁ_try_connection__mutmut_56: survived
    custom_components.climate_ip.connection_aiohttp.xǁConnectionAiohttp8888ǁ_try_connection__mutmut_57: survived
    custom_components.climate_ip.connection_aiohttp.xǁConnectionAiohttp8888ǁ_try_connection__mutmut_59: survived
    custom_components.climate_ip.connection_aiohttp.xǁConnectionAiohttp8888ǁ_try_connection__mutmut_60: survived
    custom_components.climate_ip.connection_aiohttp.xǁConnectionAiohttp8888ǁ_try_connection__mutmut_61: survived
    custom_components.climate_ip.connection_aiohttp.xǁConnectionAiohttp8888ǁ_try_connection__mutmut_62: survived
    custom_components.climate_ip.connection_aiohttp.xǁConnectionAiohttp8888ǁ_try_connection__mutmut_63: survived
    custom_components.climate_ip.connection_aiohttp.xǁConnectionAiohttp8888ǁ_try_connection__mutmut_64: survived
    custom_components.climate_ip.connection_aiohttp.xǁConnectionAiohttp8888ǁ_try_connection__mutmut_65: survived
    custom_components.climate_ip.connection_aiohttp.xǁConnectionAiohttp8888ǁ_try_connection__mutmut_66: survived
    custom_components.climate_ip.connection_aiohttp.xǁConnectionAiohttp8888ǁ_try_connection__mutmut_67: survived
    custom_components.climate_ip.connection_aiohttp.xǁConnectionAiohttp8888ǁ_try_connection__mutmut_68: survived
    custom_components.climate_ip.connection_aiohttp.xǁConnectionAiohttp8888ǁ_try_connection__mutmut_69: survived
    custom_components.climate_ip.connection_aiohttp.xǁConnectionAiohttp8888ǁ_try_connection__mutmut_70: survived
    custom_components.climate_ip.connection_aiohttp.xǁConnectionAiohttp8888ǁ_try_connection__mutmut_71: survived
    custom_components.climate_ip.connection_aiohttp.xǁConnectionAiohttp8888ǁ_try_connection__mutmut_72: survived
    custom_components.climate_ip.connection_aiohttp.xǁConnectionAiohttp8888ǁ_try_connection__mutmut_73: survived
    custom_components.climate_ip.connection_aiohttp.xǁConnectionAiohttp8888ǁ_try_connection__mutmut_74: survived
    custom_components.climate_ip.connection_aiohttp.xǁConnectionAiohttp8888ǁ_try_connection__mutmut_75: survived
    custom_components.climate_ip.connection_aiohttp.xǁConnectionAiohttp8888ǁ_try_connection__mutmut_76: survived
    custom_components.climate_ip.connection_aiohttp.xǁConnectionAiohttp8888ǁ_try_connection__mutmut_77: survived
    custom_components.climate_ip.connection_aiohttp.xǁConnectionAiohttp8888ǁ_try_connection__mutmut_78: survived
    custom_components.climate_ip.connection_aiohttp.xǁConnectionAiohttp8888ǁ_try_connection__mutmut_79: survived
    custom_components.climate_ip.connection_aiohttp.xǁConnectionAiohttp8888ǁ_try_connection__mutmut_81: survived
    custom_components.climate_ip.connection_aiohttp.xǁConnectionAiohttp8888ǁ_try_connection__mutmut_82: survived
    custom_components.climate_ip.connection_aiohttp.xǁConnectionAiohttp8888ǁ_try_connection__mutmut_83: survived
    custom_components.climate_ip.connection_aiohttp.xǁConnectionAiohttp8888ǁ_try_connection__mutmut_84: survived
    custom_components.climate_ip.connection_aiohttp.xǁConnectionAiohttp8888ǁ_try_connection__mutmut_85: survived
    custom_components.climate_ip.connection_aiohttp.xǁConnectionAiohttp8888ǁ_try_connection__mutmut_89: survived
    custom_components.climate_ip.connection_aiohttp.xǁConnectionAiohttp8888ǁ_try_connection__mutmut_90: survived
    custom_components.climate_ip.connection_aiohttp.xǁConnectionAiohttp8888ǁ_try_connection__mutmut_91: survived
    custom_components.climate_ip.connection_aiohttp.xǁConnectionAiohttp8888ǁ_try_connection__mutmut_92: survived
    custom_components.climate_ip.connection_aiohttp.xǁConnectionAiohttp8888ǁ_try_connection__mutmut_93: survived
    custom_components.climate_ip.connection_aiohttp.xǁConnectionAiohttp8888ǁ_try_connection__mutmut_94: survived
    custom_components.climate_ip.connection_aiohttp.xǁConnectionAiohttp8888ǁ_try_connection__mutmut_95: survived
    custom_components.climate_ip.connection_aiohttp.xǁConnectionAiohttp8888ǁ_try_connection__mutmut_96: survived
    custom_components.climate_ip.connection_aiohttp.xǁConnectionAiohttp8888ǁ_try_connection__mutmut_97: survived
    custom_components.climate_ip.connection_aiohttp.xǁConnectionAiohttp8888ǁ_try_connection__mutmut_98: survived
    custom_components.climate_ip.connection_aiohttp.xǁConnectionAiohttp8888ǁ_try_connection__mutmut_99: survived
    custom_components.climate_ip.connection_aiohttp.xǁConnectionAiohttp8888ǁ_try_connection__mutmut_100: survived
    custom_components.climate_ip.connection_aiohttp.xǁConnectionAiohttp8888ǁ_try_connection__mutmut_101: survived
    custom_components.climate_ip.connection_aiohttp.xǁConnectionAiohttp8888ǁ_try_connection__mutmut_102: survived
    custom_components.climate_ip.connection_aiohttp.xǁConnectionAiohttp8888ǁ_try_connection__mutmut_103: survived
    custom_components.climate_ip.connection_aiohttp.xǁConnectionAiohttp8888ǁ_try_connection__mutmut_104: survived
    custom_components.climate_ip.connection_aiohttp.xǁConnectionAiohttp8888ǁ_try_connection__mutmut_105: survived
    custom_components.climate_ip.connection_aiohttp.xǁConnectionAiohttp8888ǁ_try_connection__mutmut_106: survived
    custom_components.climate_ip.connection_aiohttp.xǁConnectionAiohttp8888ǁ_try_connection__mutmut_110: survived
    custom_components.climate_ip.connection_aiohttp.xǁConnectionAiohttp8888ǁ_try_connection__mutmut_111: survived
    custom_components.climate_ip.connection_aiohttp.xǁConnectionAiohttp8888ǁ_try_connection__mutmut_112: survived
    custom_components.climate_ip.connection_aiohttp.xǁConnectionAiohttp8888ǁ_try_connection__mutmut_113: survived
    custom_components.climate_ip.connection_aiohttp.xǁConnectionAiohttp8888ǁ_try_connection__mutmut_114: survived
    custom_components.climate_ip.connection_aiohttp.xǁConnectionAiohttp8888ǁ_try_connection__mutmut_115: survived
    custom_components.climate_ip.connection_aiohttp.xǁConnectionAiohttp8888ǁ_try_connection__mutmut_116: survived
    custom_components.climate_ip.connection_aiohttp.xǁConnectionAiohttp8888ǁ_try_connection__mutmut_117: survived
    custom_components.climate_ip.connection_aiohttp.xǁConnectionAiohttp8888ǁ_try_connection__mutmut_118: survived
    custom_components.climate_ip.connection_aiohttp.xǁConnectionAiohttp8888ǁ_try_connection__mutmut_119: survived
    custom_components.climate_ip.connection_aiohttp.xǁConnectionAiohttp8888ǁ_try_connection__mutmut_120: survived
    custom_components.climate_ip.connection_aiohttp.xǁConnectionAiohttp8888ǁ_try_connection__mutmut_121: survived
    custom_components.climate_ip.connection_aiohttp.xǁConnectionAiohttp8888ǁ_try_connection__mutmut_122: survived
    custom_components.climate_ip.connection_aiohttp.xǁConnectionAiohttp8888ǁ_try_connection__mutmut_123: survived
    custom_components.climate_ip.connection_aiohttp.xǁConnectionAiohttp8888ǁ_try_connection__mutmut_124: survived
    custom_components.climate_ip.connection_aiohttp.xǁConnectionAiohttp8888ǁ_try_connection__mutmut_125: survived
    custom_components.climate_ip.connection_aiohttp.xǁConnectionAiohttp8888ǁ_try_connection__mutmut_133: survived
    custom_components.climate_ip.connection_aiohttp.xǁConnectionAiohttp8888ǁ_try_connection__mutmut_134: survived
    custom_components.climate_ip.connection_aiohttp.xǁConnectionAiohttp8888ǁ_try_connection__mutmut_135: survived
    custom_components.climate_ip.connection_aiohttp.xǁConnectionAiohttp8888ǁ_try_connection__mutmut_136: survived
    custom_components.climate_ip.connection_aiohttp.xǁConnectionAiohttp8888ǁ_try_connection__mutmut_137: survived
    custom_components.climate_ip.connection_aiohttp.xǁConnectionAiohttp8888ǁ_try_connection__mutmut_138: survived
    custom_components.climate_ip.connection_aiohttp.xǁConnectionAiohttp8888ǁ_try_connection__mutmut_140: survived
    custom_components.climate_ip.connection_aiohttp.xǁConnectionAiohttp8888ǁ_try_connection__mutmut_143: survived
    custom_components.climate_ip.connection_aiohttp.xǁConnectionAiohttp8888ǁ_try_connection__mutmut_144: survived
    custom_components.climate_ip.connection_aiohttp.xǁConnectionAiohttp8888ǁ_try_connection__mutmut_145: survived
    custom_components.climate_ip.connection_aiohttp.xǁConnectionAiohttp8888ǁ_try_connection__mutmut_146: survived
    custom_components.climate_ip.connection_aiohttp.xǁConnectionAiohttp8888ǁ_try_connection__mutmut_147: survived
    custom_components.climate_ip.connection_aiohttp.xǁConnectionAiohttp8888ǁ_try_connection__mutmut_148: survived
    custom_components.climate_ip.connection_aiohttp.xǁConnectionAiohttp8888ǁ_try_connection__mutmut_150: survived
    custom_components.climate_ip.connection_aiohttp.xǁConnectionAiohttp8888ǁ_try_connection__mutmut_153: survived
    custom_components.climate_ip.connection_aiohttp.xǁConnectionAiohttp8888ǁ_try_connection__mutmut_154: survived
    custom_components.climate_ip.connection_aiohttp.xǁConnectionAiohttp8888ǁ_try_connection__mutmut_155: survived
    custom_components.climate_ip.connection_aiohttp.xǁConnectionAiohttp8888ǁ_try_connection__mutmut_156: survived
    custom_components.climate_ip.connection_aiohttp.xǁConnectionAiohttp8888ǁ_try_connection__mutmut_157: survived
    custom_components.climate_ip.connection_aiohttp.xǁConnectionAiohttp8888ǁ_try_connection__mutmut_158: survived
    custom_components.climate_ip.connection_aiohttp.xǁConnectionAiohttp8888ǁ_try_connection__mutmut_162: survived
    custom_components.climate_ip.connection_aiohttp.xǁConnectionAiohttp8888ǁ_try_connection__mutmut_163: survived
    custom_components.climate_ip.connection_aiohttp.xǁConnectionAiohttp8888ǁ_try_connection__mutmut_164: survived
    custom_components.climate_ip.connection_aiohttp.xǁConnectionAiohttp8888ǁ_try_connection__mutmut_165: survived
    custom_components.climate_ip.connection_aiohttp.xǁConnectionAiohttp8888ǁ_try_connection__mutmut_166: survived
    custom_components.climate_ip.connection_aiohttp.xǁConnectionAiohttp8888ǁ_try_connection__mutmut_167: survived
    custom_components.climate_ip.connection_aiohttp.xǁConnectionAiohttp8888ǁ_try_connection__mutmut_168: survived
    custom_components.climate_ip.connection_aiohttp.xǁConnectionAiohttp8888ǁ_try_connection__mutmut_169: survived
    custom_components.climate_ip.connection_aiohttp.xǁConnectionAiohttp8888ǁ_try_connection__mutmut_170: survived
    custom_components.climate_ip.connection_aiohttp.xǁConnectionAiohttp8888ǁ_try_connection__mutmut_172: survived
    custom_components.climate_ip.connection_aiohttp.xǁConnectionAiohttp8888ǁ_try_connection__mutmut_173: survived
    custom_components.climate_ip.connection_aiohttp.xǁConnectionAiohttp8888ǁ_try_connection__mutmut_174: survived
    custom_components.climate_ip.connection_aiohttp.xǁConnectionAiohttp8888ǁ_try_connection__mutmut_175: survived
    custom_components.climate_ip.connection_aiohttp.xǁConnectionAiohttp8888ǁ_try_connection__mutmut_176: survived
    custom_components.climate_ip.connection_aiohttp.xǁConnectionAiohttp8888ǁ_try_connection__mutmut_177: survived
    custom_components.climate_ip.connection_aiohttp.xǁConnectionAiohttp8888ǁ_try_connection__mutmut_179: survived
    custom_components.climate_ip.connection_aiohttp.xǁConnectionAiohttp8888ǁ_try_connection__mutmut_180: survived
    custom_components.climate_ip.connection_aiohttp.xǁConnectionAiohttp8888ǁ_try_connection__mutmut_182: survived
    custom_components.climate_ip.connection_aiohttp.xǁConnectionAiohttp8888ǁ_try_connection__mutmut_183: survived
    custom_components.climate_ip.connection_aiohttp.xǁConnectionAiohttp8888ǁ_try_connection__mutmut_184: survived
    custom_components.climate_ip.connection_aiohttp.xǁConnectionAiohttp8888ǁ_try_connection__mutmut_185: survived
    custom_components.climate_ip.connection_aiohttp.xǁConnectionAiohttp8888ǁ_try_connection__mutmut_186: survived
    custom_components.climate_ip.connection_aiohttp.xǁConnectionAiohttp8888ǁ_try_connection__mutmut_187: survived
    custom_components.climate_ip.connection_aiohttp.xǁConnectionAiohttp8888ǁ_try_connection__mutmut_188: survived
    custom_components.climate_ip.connection_aiohttp.xǁConnectionAiohttp8888ǁ_try_connection__mutmut_189: survived
    custom_components.climate_ip.connection_aiohttp.xǁConnectionAiohttp8888ǁ_try_connection__mutmut_190: survived
    custom_components.climate_ip.connection_aiohttp.xǁConnectionAiohttp8888ǁ_try_connection__mutmut_191: survived
    custom_components.climate_ip.connection_aiohttp.xǁConnectionAiohttp8888ǁ_try_connection__mutmut_197: survived
    custom_components.climate_ip.connection_aiohttp.xǁConnectionAiohttp8888ǁ_try_connection__mutmut_198: survived
    custom_components.climate_ip.connection_aiohttp.xǁConnectionAiohttp8888ǁ_try_connection__mutmut_200: survived
    custom_components.climate_ip.connection_aiohttp.xǁConnectionAiohttp8888ǁ_try_connection__mutmut_201: survived
    custom_components.climate_ip.connection_aiohttp.xǁConnectionAiohttp8888ǁ_try_connection__mutmut_202: survived
    custom_components.climate_ip.connection_aiohttp.xǁConnectionAiohttp8888ǁ_try_connection__mutmut_203: survived
    custom_components.climate_ip.connection_aiohttp.xǁConnectionAiohttp8888ǁ_try_connection__mutmut_204: survived
    custom_components.climate_ip.connection_aiohttp.xǁConnectionAiohttp8888ǁ_try_connection__mutmut_205: survived
    custom_components.climate_ip.connection_aiohttp.xǁConnectionAiohttp8888ǁ_try_connection__mutmut_206: survived
    custom_components.climate_ip.connection_aiohttp.xǁConnectionAiohttp8888ǁ_try_connection__mutmut_207: survived
    custom_components.climate_ip.connection_aiohttp.xǁConnectionAiohttp8888ǁ_try_connection__mutmut_208: survived
    custom_components.climate_ip.connection_aiohttp.xǁConnectionAiohttp8888ǁ_try_connection__mutmut_209: survived
    custom_components.climate_ip.connection_aiohttp.xǁConnectionAiohttp8888ǁ_try_connection__mutmut_210: survived
    custom_components.climate_ip.connection_aiohttp.xǁConnectionAiohttp8888ǁ_try_connection__mutmut_211: survived
    custom_components.climate_ip.connection_aiohttp.xǁConnectionAiohttp8888ǁ_try_connection__mutmut_213: survived
    custom_components.climate_ip.connection_aiohttp.xǁConnectionAiohttp8888ǁ_try_connection__mutmut_214: survived
    custom_components.climate_ip.connection_aiohttp.xǁConnectionAiohttp8888ǁ_try_connection__mutmut_215: survived
    custom_components.climate_ip.connection_aiohttp.xǁConnectionAiohttp8888ǁ_try_connection__mutmut_216: survived
    custom_components.climate_ip.connection_aiohttp.xǁConnectionAiohttp8888ǁ_try_connection__mutmut_217: survived
    custom_components.climate_ip.connection_aiohttp.xǁConnectionAiohttp8888ǁ_try_connection__mutmut_218: survived
    custom_components.climate_ip.connection_aiohttp.xǁConnectionAiohttp8888ǁ_try_connection__mutmut_220: survived
    custom_components.climate_ip.connection_aiohttp.xǁConnectionAiohttp8888ǁ_try_connection__mutmut_221: survived
    custom_components.climate_ip.connection_aiohttp.xǁConnectionAiohttp8888ǁ_try_connection__mutmut_222: survived
    custom_components.climate_ip.connection_aiohttp.xǁConnectionAiohttp8888ǁ_try_connection__mutmut_223: survived
    custom_components.climate_ip.connection_aiohttp.xǁConnectionAiohttp8888ǁ_get_session__mutmut_3: survived
    custom_components.climate_ip.connection_aiohttp.xǁConnectionAiohttp8888ǁ_get_session__mutmut_4: survived
    custom_components.climate_ip.connection_aiohttp.xǁConnectionAiohttp8888ǁ_get_session__mutmut_5: survived
    custom_components.climate_ip.connection_aiohttp.xǁConnectionAiohttp8888ǁ_get_session__mutmut_6: survived
    custom_components.climate_ip.connection_aiohttp.xǁConnectionAiohttp8888ǁ_get_session__mutmut_8: survived
    custom_components.climate_ip.connection_aiohttp.xǁConnectionAiohttp8888ǁ_get_session__mutmut_9: survived
    custom_components.climate_ip.connection_aiohttp.xǁConnectionAiohttp8888ǁ_get_session__mutmut_10: survived
    custom_components.climate_ip.connection_aiohttp.xǁConnectionAiohttp8888ǁ_get_session__mutmut_11: survived
    custom_components.climate_ip.connection_aiohttp.xǁConnectionAiohttp8888ǁ_get_session__mutmut_12: survived
    custom_components.climate_ip.connection_aiohttp.xǁConnectionAiohttp8888ǁ_get_session__mutmut_13: survived
    custom_components.climate_ip.connection_aiohttp.xǁConnectionAiohttp8888ǁ_get_session__mutmut_20: survived
    custom_components.climate_ip.connection_aiohttp.xǁConnectionAiohttp8888ǁ_get_session__mutmut_21: survived
    custom_components.climate_ip.connection_aiohttp.xǁConnectionAiohttp8888ǁ_get_session__mutmut_22: survived
    custom_components.climate_ip.connection_aiohttp.xǁConnectionAiohttp8888ǁ_get_session__mutmut_23: survived
    custom_components.climate_ip.connection_aiohttp.xǁConnectionAiohttp8888ǁ_get_session__mutmut_24: survived
    custom_components.climate_ip.connection_aiohttp.xǁConnectionAiohttp8888ǁ_get_session__mutmut_25: survived
    custom_components.climate_ip.connection_aiohttp.xǁConnectionAiohttp8888ǁ_get_session__mutmut_26: survived
    custom_components.climate_ip.connection_aiohttp.xǁConnectionAiohttp8888ǁ_get_session__mutmut_27: survived
    custom_components.climate_ip.connection_aiohttp.xǁConnectionAiohttp8888ǁ_get_session__mutmut_28: survived
    custom_components.climate_ip.connection_aiohttp.xǁConnectionAiohttp8888ǁ_get_session__mutmut_29: survived
    custom_components.climate_ip.connection_aiohttp.xǁConnectionAiohttp8888ǁ_get_session__mutmut_30: survived
    custom_components.climate_ip.connection_aiohttp.xǁConnectionAiohttp8888ǁ_get_session__mutmut_31: survived
    custom_components.climate_ip.connection_aiohttp.xǁConnectionAiohttp8888ǁ_get_session__mutmut_32: survived
    custom_components.climate_ip.connection_aiohttp.xǁConnectionAiohttp8888ǁ_get_session__mutmut_33: survived
    custom_components.climate_ip.connection_aiohttp.xǁConnectionAiohttp8888ǁ_get_session__mutmut_34: survived
    custom_components.climate_ip.connection_aiohttp.xǁConnectionAiohttp8888ǁ_get_session__mutmut_35: survived
    custom_components.climate_ip.connection_aiohttp.xǁConnectionAiohttp8888ǁ_get_session__mutmut_36: survived
    custom_components.climate_ip.connection_aiohttp.xǁConnectionAiohttp8888ǁ_get_session__mutmut_37: survived
    custom_components.climate_ip.connection_aiohttp.xǁConnectionAiohttp8888ǁ_get_session__mutmut_38: survived
    custom_components.climate_ip.connection_aiohttp.xǁConnectionAiohttp8888ǁ_get_session__mutmut_39: survived
    custom_components.climate_ip.connection_aiohttp.xǁConnectionAiohttp8888ǁ_get_session__mutmut_40: survived
    custom_components.climate_ip.connection_aiohttp.xǁConnectionAiohttp8888ǁ_get_session__mutmut_41: survived
    custom_components.climate_ip.connection_aiohttp.xǁConnectionAiohttp8888ǁ_get_session__mutmut_42: survived
    custom_components.climate_ip.connection_aiohttp.xǁConnectionAiohttp8888ǁ_get_session__mutmut_43: survived
    custom_components.climate_ip.connection_aiohttp.xǁConnectionAiohttp8888ǁ_get_session__mutmut_44: survived
    custom_components.climate_ip.connection_aiohttp.xǁConnectionAiohttp8888ǁ_get_session__mutmut_45: survived
    custom_components.climate_ip.connection_aiohttp.xǁConnectionAiohttp8888ǁ_get_session__mutmut_46: survived
    custom_components.climate_ip.connection_aiohttp.xǁConnectionAiohttp8888ǁ_get_session__mutmut_47: survived
    custom_components.climate_ip.connection_aiohttp.xǁConnectionAiohttp8888ǁ_get_session__mutmut_48: survived
    custom_components.climate_ip.connection_aiohttp.xǁConnectionAiohttp8888ǁ_get_session__mutmut_49: survived
    custom_components.climate_ip.connection_aiohttp.xǁConnectionAiohttp8888ǁ_get_session__mutmut_50: survived
    custom_components.climate_ip.connection_aiohttp.xǁConnectionAiohttp8888ǁ_get_session__mutmut_51: survived
    custom_components.climate_ip.connection_aiohttp.xǁConnectionAiohttp8888ǁ_get_session__mutmut_52: survived
    custom_components.climate_ip.connection_aiohttp.xǁConnectionAiohttp8888ǁ_get_session__mutmut_53: survived
    custom_components.climate_ip.connection_aiohttp.xǁConnectionAiohttp8888ǁ_get_session__mutmut_55: survived
    custom_components.climate_ip.connection_aiohttp.xǁConnectionAiohttp8888ǁ_get_session__mutmut_56: survived
    custom_components.climate_ip.connection_aiohttp.xǁConnectionAiohttp8888ǁ_get_session__mutmut_57: survived
    custom_components.climate_ip.connection_aiohttp.xǁConnectionAiohttp8888ǁ_get_session__mutmut_58: survived
    custom_components.climate_ip.connection_aiohttp.xǁConnectionAiohttp8888ǁ_get_session__mutmut_62: survived
    custom_components.climate_ip.connection_aiohttp.xǁConnectionAiohttp8888ǁ_get_session__mutmut_63: survived
    custom_components.climate_ip.connection_aiohttp.xǁConnectionAiohttp8888ǁ_get_session__mutmut_64: survived
    custom_components.climate_ip.connection_aiohttp.xǁConnectionAiohttp8888ǁ_get_session__mutmut_65: survived
    custom_components.climate_ip.connection_aiohttp.xǁConnectionAiohttp8888ǁ_get_session__mutmut_66: survived
    custom_components.climate_ip.connection_aiohttp.xǁConnectionAiohttp8888ǁ_format_url__mutmut_1: survived
    custom_components.climate_ip.connection_aiohttp.xǁConnectionAiohttp8888ǁ_format_url__mutmut_2: survived
    custom_components.climate_ip.connection_aiohttp.xǁConnectionAiohttp8888ǁ_format_url__mutmut_3: survived
    custom_components.climate_ip.connection_aiohttp.xǁConnectionAiohttp8888ǁ_format_url__mutmut_7: survived
    custom_components.climate_ip.connection_aiohttp.xǁConnectionAiohttp8888ǁ_format_url__mutmut_8: survived
    custom_components.climate_ip.connection_aiohttp.xǁConnectionAiohttp8888ǁ_format_url__mutmut_9: survived
    custom_components.climate_ip.connection_aiohttp.xǁConnectionAiohttp8888ǁ_format_url__mutmut_10: survived
    custom_components.climate_ip.connection_aiohttp.xǁConnectionAiohttp8888ǁ_format_url__mutmut_11: survived
    custom_components.climate_ip.connection_aiohttp.xǁConnectionAiohttp8888ǁ_format_url__mutmut_12: survived
    custom_components.climate_ip.connection_aiohttp.xǁConnectionAiohttp8888ǁ_format_url__mutmut_13: survived
    custom_components.climate_ip.connection_aiohttp.xǁConnectionAiohttp8888ǁ_format_url__mutmut_14: survived
    custom_components.climate_ip.connection_aiohttp.xǁConnectionAiohttp8888ǁ_format_url__mutmut_15: survived
    custom_components.climate_ip.connection_aiohttp.xǁConnectionAiohttp8888ǁ_format_url__mutmut_16: survived
    custom_components.climate_ip.connection_aiohttp.xǁConnectionAiohttp8888ǁ_format_url__mutmut_17: survived
    custom_components.climate_ip.connection_aiohttp.xǁConnectionAiohttp8888ǁ_format_url__mutmut_18: survived
    custom_components.climate_ip.connection_aiohttp.xǁConnectionAiohttp8888ǁ_format_url__mutmut_19: survived
    custom_components.climate_ip.connection_aiohttp.xǁConnectionAiohttp8888ǁ_format_url__mutmut_20: survived
    custom_components.climate_ip.connection_aiohttp.xǁConnectionAiohttp8888ǁ_format_url__mutmut_21: survived
    custom_components.climate_ip.connection_aiohttp.xǁConnectionAiohttp8888ǁ_format_url__mutmut_22: survived
    custom_components.climate_ip.connection_aiohttp.xǁConnectionAiohttp8888ǁ_format_url__mutmut_23: survived
    custom_components.climate_ip.connection_aiohttp.xǁConnectionAiohttp8888ǁ_format_url__mutmut_24: survived
    custom_components.climate_ip.connection_aiohttp.xǁConnectionAiohttp8888ǁ_format_url__mutmut_25: survived
    custom_components.climate_ip.connection_aiohttp.xǁConnectionAiohttp8888ǁ_format_url__mutmut_26: survived
    custom_components.climate_ip.connection_aiohttp.xǁConnectionAiohttp8888ǁ_format_url__mutmut_27: survived
    custom_components.climate_ip.connection_aiohttp.xǁConnectionAiohttp8888ǁ_format_url__mutmut_28: survived
    custom_components.climate_ip.connection_aiohttp.xǁConnectionAiohttp8888ǁ_format_url__mutmut_29: survived
    custom_components.climate_ip.connection_aiohttp.xǁConnectionAiohttp8888ǁ_format_url__mutmut_30: survived
    custom_components.climate_ip.connection_aiohttp.xǁConnectionAiohttp8888ǁ_format_url__mutmut_31: survived
    custom_components.climate_ip.connection_aiohttp.xǁConnectionAiohttp8888ǁ_format_url__mutmut_32: survived
    custom_components.climate_ip.connection_aiohttp.xǁConnectionAiohttp8888ǁ_format_url__mutmut_33: survived
    custom_components.climate_ip.connection_aiohttp.xǁConnectionAiohttp8888ǁ_format_url__mutmut_34: survived
    custom_components.climate_ip.connection_aiohttp.xǁConnectionAiohttp8888ǁ_format_url__mutmut_37: survived
    custom_components.climate_ip.connection_aiohttp.xǁConnectionAiohttp8888ǁ_format_url__mutmut_38: survived
    custom_components.climate_ip.connection_aiohttp.xǁConnectionAiohttp8888ǁ_format_url__mutmut_39: survived
    custom_components.climate_ip.connection_aiohttp.xǁConnectionAiohttp8888ǁ_format_url__mutmut_40: survived
    custom_components.climate_ip.connection_aiohttp.xǁConnectionAiohttp8888ǁ_format_url__mutmut_41: survived
    custom_components.climate_ip.connection_aiohttp.xǁConnectionAiohttp8888ǁ_format_url__mutmut_42: survived
    custom_components.climate_ip.connection_aiohttp.xǁConnectionAiohttp8888ǁ_format_url__mutmut_43: survived
    custom_components.climate_ip.connection_aiohttp.xǁConnectionAiohttp8888ǁ_format_url__mutmut_44: survived
    custom_components.climate_ip.connection_aiohttp.xǁConnectionAiohttp8888ǁ_format_url__mutmut_45: survived
    custom_components.climate_ip.connection_aiohttp.xǁConnectionAiohttp8888ǁ_format_url__mutmut_46: survived
    custom_components.climate_ip.connection_aiohttp.xǁConnectionAiohttp8888ǁ_format_url__mutmut_47: survived
    custom_components.climate_ip.connection_aiohttp.xǁConnectionAiohttp8888ǁ_format_url__mutmut_48: survived
    custom_components.climate_ip.connection_aiohttp.xǁConnectionAiohttp8888ǁ_format_url__mutmut_49: survived
    custom_components.climate_ip.connection_aiohttp.xǁConnectionAiohttp8888ǁ_format_url__mutmut_50: survived
    custom_components.climate_ip.connection_aiohttp.xǁConnectionAiohttp8888ǁ_format_url__mutmut_51: survived
    custom_components.climate_ip.connection_aiohttp.xǁConnectionAiohttp8888ǁ_format_url__mutmut_52: survived
    custom_components.climate_ip.connection_aiohttp.xǁConnectionAiohttp8888ǁ_format_url__mutmut_53: survived
    custom_components.climate_ip.connection_aiohttp.xǁConnectionAiohttp8888ǁ_format_url__mutmut_59: survived
    custom_components.climate_ip.connection_aiohttp.xǁConnectionAiohttp8888ǁ_format_url__mutmut_60: survived
    custom_components.climate_ip.connection_aiohttp.xǁConnectionAiohttp8888ǁ_format_url__mutmut_61: survived
    custom_components.climate_ip.connection_aiohttp.xǁConnectionAiohttp8888ǁ_format_url__mutmut_62: survived
    custom_components.climate_ip.connection_aiohttp.xǁConnectionAiohttp8888ǁ_format_url__mutmut_63: survived
    custom_components.climate_ip.connection_aiohttp.xǁConnectionAiohttp8888ǁ_format_url__mutmut_64: survived
    custom_components.climate_ip.connection_aiohttp.xǁConnectionAiohttp8888ǁ_format_url__mutmut_65: survived
    custom_components.climate_ip.connection_aiohttp.xǁConnectionAiohttp8888ǁ_format_url__mutmut_66: survived
    custom_components.climate_ip.connection_aiohttp.xǁConnectionAiohttp8888ǁ_format_url__mutmut_67: survived
    custom_components.climate_ip.connection_aiohttp.xǁConnectionAiohttp8888ǁ_format_url__mutmut_68: survived
    custom_components.climate_ip.connection_aiohttp.xǁConnectionAiohttp8888ǁ_format_url__mutmut_69: survived
    custom_components.climate_ip.connection_aiohttp.xǁConnectionAiohttp8888ǁ_format_url__mutmut_70: survived
    custom_components.climate_ip.connection_aiohttp.xǁConnectionAiohttp8888ǁ_format_url__mutmut_71: survived
    custom_components.climate_ip.connection_aiohttp.xǁConnectionAiohttp8888ǁ_format_url__mutmut_72: survived
    custom_components.climate_ip.connection_aiohttp.xǁConnectionAiohttp8888ǁ_format_url__mutmut_73: survived
    custom_components.climate_ip.connection_aiohttp.xǁConnectionAiohttp8888ǁ_format_url__mutmut_74: survived
    custom_components.climate_ip.connection_aiohttp.xǁConnectionAiohttp8888ǁ_format_url__mutmut_75: survived
    custom_components.climate_ip.connection_aiohttp.xǁConnectionAiohttp8888ǁ_async_execute_request__mutmut_1: survived
    custom_components.climate_ip.connection_aiohttp.xǁConnectionAiohttp8888ǁ_async_execute_request__mutmut_2: survived
    custom_components.climate_ip.connection_aiohttp.xǁConnectionAiohttp8888ǁ_async_execute_request__mutmut_5: survived
    custom_components.climate_ip.connection_aiohttp.xǁConnectionAiohttp8888ǁ_async_execute_request__mutmut_6: survived
    custom_components.climate_ip.connection_aiohttp.xǁConnectionAiohttp8888ǁ_async_execute_request__mutmut_7: survived
    custom_components.climate_ip.connection_aiohttp.xǁConnectionAiohttp8888ǁ_async_execute_request__mutmut_11: survived
    custom_components.climate_ip.connection_aiohttp.xǁConnectionAiohttp8888ǁ_async_execute_request__mutmut_12: survived
    custom_components.climate_ip.connection_aiohttp.xǁConnectionAiohttp8888ǁ_async_execute_request__mutmut_13: survived
    custom_components.climate_ip.connection_aiohttp.xǁConnectionAiohttp8888ǁ_async_execute_request__mutmut_14: survived
    custom_components.climate_ip.connection_aiohttp.xǁConnectionAiohttp8888ǁ_async_execute_request__mutmut_15: survived
    custom_components.climate_ip.connection_aiohttp.xǁConnectionAiohttp8888ǁ_async_execute_request__mutmut_16: survived
    custom_components.climate_ip.connection_aiohttp.xǁConnectionAiohttp8888ǁ_async_execute_request__mutmut_17: survived
    custom_components.climate_ip.connection_aiohttp.xǁConnectionAiohttp8888ǁ_async_execute_request__mutmut_18: survived
    custom_components.climate_ip.connection_aiohttp.xǁConnectionAiohttp8888ǁ_async_execute_request__mutmut_19: survived
    custom_components.climate_ip.connection_aiohttp.xǁConnectionAiohttp8888ǁ_async_execute_request__mutmut_20: survived
    custom_components.climate_ip.connection_aiohttp.xǁConnectionAiohttp8888ǁ_async_execute_request__mutmut_21: survived
    custom_components.climate_ip.connection_aiohttp.xǁConnectionAiohttp8888ǁ_async_execute_request__mutmut_22: survived
    custom_components.climate_ip.connection_aiohttp.xǁConnectionAiohttp8888ǁ_async_execute_request__mutmut_23: survived
    custom_components.climate_ip.connection_aiohttp.xǁConnectionAiohttp8888ǁ_async_execute_request__mutmut_24: survived
    custom_components.climate_ip.connection_aiohttp.xǁConnectionAiohttp8888ǁ_async_execute_request__mutmut_25: survived
    custom_components.climate_ip.connection_aiohttp.xǁConnectionAiohttp8888ǁ_async_execute_request__mutmut_26: survived
    custom_components.climate_ip.connection_aiohttp.xǁConnectionAiohttp8888ǁ_async_execute_request__mutmut_27: survived
    custom_components.climate_ip.connection_aiohttp.xǁConnectionAiohttp8888ǁ_async_execute_request__mutmut_28: survived
    custom_components.climate_ip.connection_aiohttp.xǁConnectionAiohttp8888ǁ_async_execute_request__mutmut_29: survived
    custom_components.climate_ip.connection_aiohttp.xǁConnectionAiohttp8888ǁ_async_execute_request__mutmut_30: survived
    custom_components.climate_ip.connection_aiohttp.xǁConnectionAiohttp8888ǁ_async_execute_request__mutmut_31: survived
    custom_components.climate_ip.connection_aiohttp.xǁConnectionAiohttp8888ǁ_async_execute_request__mutmut_32: survived
    custom_components.climate_ip.connection_aiohttp.xǁConnectionAiohttp8888ǁ_async_execute_request__mutmut_33: survived
    custom_components.climate_ip.connection_aiohttp.xǁConnectionAiohttp8888ǁ_async_execute_request__mutmut_34: survived
    custom_components.climate_ip.connection_aiohttp.xǁConnectionAiohttp8888ǁ_async_execute_request__mutmut_35: survived
    custom_components.climate_ip.connection_aiohttp.xǁConnectionAiohttp8888ǁ_async_execute_request__mutmut_36: survived
    custom_components.climate_ip.connection_aiohttp.xǁConnectionAiohttp8888ǁ_async_execute_request__mutmut_39: survived
    custom_components.climate_ip.connection_aiohttp.xǁConnectionAiohttp8888ǁ_async_execute_request__mutmut_40: survived
    custom_components.climate_ip.connection_aiohttp.xǁConnectionAiohttp8888ǁ_async_execute_request__mutmut_41: survived
    custom_components.climate_ip.connection_aiohttp.xǁConnectionAiohttp8888ǁ_async_execute_request__mutmut_42: survived
    custom_components.climate_ip.connection_aiohttp.xǁConnectionAiohttp8888ǁ_async_execute_request__mutmut_44: survived
    custom_components.climate_ip.connection_aiohttp.xǁConnectionAiohttp8888ǁ_async_execute_request__mutmut_45: survived
    custom_components.climate_ip.connection_aiohttp.xǁConnectionAiohttp8888ǁ_async_execute_request__mutmut_46: survived
    custom_components.climate_ip.connection_aiohttp.xǁConnectionAiohttp8888ǁ_async_execute_request__mutmut_47: survived
    custom_components.climate_ip.connection_aiohttp.xǁConnectionAiohttp8888ǁ_async_execute_request__mutmut_49: survived
    custom_components.climate_ip.connection_aiohttp.xǁConnectionAiohttp8888ǁ_async_execute_request__mutmut_50: survived
    custom_components.climate_ip.connection_aiohttp.xǁConnectionAiohttp8888ǁ_async_execute_request__mutmut_51: survived
    custom_components.climate_ip.connection_aiohttp.xǁConnectionAiohttp8888ǁ_async_execute_request__mutmut_52: survived
    custom_components.climate_ip.connection_aiohttp.xǁConnectionAiohttp8888ǁ_async_execute_request__mutmut_53: survived
    custom_components.climate_ip.connection_aiohttp.xǁConnectionAiohttp8888ǁ_async_execute_request__mutmut_54: survived
    custom_components.climate_ip.connection_aiohttp.xǁConnectionAiohttp8888ǁ_async_execute_request__mutmut_55: survived
    custom_components.climate_ip.connection_aiohttp.xǁConnectionAiohttp8888ǁ_async_execute_request__mutmut_56: survived
    custom_components.climate_ip.connection_aiohttp.xǁConnectionAiohttp8888ǁ_async_execute_request__mutmut_57: survived
    custom_components.climate_ip.connection_aiohttp.xǁConnectionAiohttp8888ǁ_async_execute_request__mutmut_58: survived
    custom_components.climate_ip.connection_aiohttp.xǁConnectionAiohttp8888ǁ_async_execute_request__mutmut_59: survived
    custom_components.climate_ip.connection_aiohttp.xǁConnectionAiohttp8888ǁ_async_execute_request__mutmut_60: survived
    custom_components.climate_ip.connection_aiohttp.xǁConnectionAiohttp8888ǁ_async_execute_request__mutmut_61: survived
    custom_components.climate_ip.connection_aiohttp.xǁConnectionAiohttp8888ǁ_async_execute_request__mutmut_62: survived
    custom_components.climate_ip.connection_aiohttp.xǁConnectionAiohttp8888ǁ_async_execute_request__mutmut_63: survived
    custom_components.climate_ip.connection_aiohttp.xǁConnectionAiohttp8888ǁ_async_execute_request__mutmut_64: survived
    custom_components.climate_ip.connection_aiohttp.xǁConnectionAiohttp8888ǁ_async_execute_request__mutmut_65: survived
    custom_components.climate_ip.connection_aiohttp.xǁConnectionAiohttp8888ǁ_async_execute_request__mutmut_66: survived
    custom_components.climate_ip.connection_aiohttp.xǁConnectionAiohttp8888ǁ_async_execute_request__mutmut_67: survived
    custom_components.climate_ip.connection_aiohttp.xǁConnectionAiohttp8888ǁ_async_execute_request__mutmut_68: survived
    custom_components.climate_ip.connection_aiohttp.xǁConnectionAiohttp8888ǁ_async_execute_request__mutmut_69: survived
    custom_components.climate_ip.connection_aiohttp.xǁConnectionAiohttp8888ǁ_async_execute_request__mutmut_70: survived
    custom_components.climate_ip.connection_aiohttp.xǁConnectionAiohttp8888ǁ_async_execute_request__mutmut_71: survived
    custom_components.climate_ip.connection_aiohttp.xǁConnectionAiohttp8888ǁ_async_execute_request__mutmut_72: survived
    custom_components.climate_ip.connection_aiohttp.xǁConnectionAiohttp8888ǁ_async_execute_request__mutmut_74: survived
    custom_components.climate_ip.connection_aiohttp.xǁConnectionAiohttp8888ǁ_async_execute_request__mutmut_77: survived
    custom_components.climate_ip.connection_aiohttp.xǁConnectionAiohttp8888ǁ_async_execute_request__mutmut_78: survived
    custom_components.climate_ip.connection_aiohttp.xǁConnectionAiohttp8888ǁ_async_execute_request__mutmut_79: survived
    custom_components.climate_ip.connection_aiohttp.xǁConnectionAiohttp8888ǁ_async_execute_request__mutmut_80: survived
    custom_components.climate_ip.connection_aiohttp.xǁConnectionAiohttp8888ǁ_async_execute_request__mutmut_81: survived
    custom_components.climate_ip.connection_aiohttp.xǁConnectionAiohttp8888ǁ_async_execute_request__mutmut_82: survived
    custom_components.climate_ip.connection_aiohttp.xǁConnectionAiohttp8888ǁ_async_execute_request__mutmut_83: survived
    custom_components.climate_ip.connection_aiohttp.xǁConnectionAiohttp8888ǁ_async_execute_request__mutmut_84: survived
    custom_components.climate_ip.connection_aiohttp.xǁConnectionAiohttp8888ǁ_async_execute_request__mutmut_85: survived
    custom_components.climate_ip.connection_aiohttp.xǁConnectionAiohttp8888ǁ_async_execute_request__mutmut_86: survived
    custom_components.climate_ip.connection_aiohttp.xǁConnectionAiohttp8888ǁ_async_execute_request__mutmut_87: survived
    custom_components.climate_ip.connection_aiohttp.xǁConnectionAiohttp8888ǁ_async_execute_request__mutmut_88: survived
    custom_components.climate_ip.connection_aiohttp.xǁConnectionAiohttp8888ǁ_async_execute_request__mutmut_89: survived
    custom_components.climate_ip.connection_aiohttp.xǁConnectionAiohttp8888ǁ_async_execute_request__mutmut_90: survived
    custom_components.climate_ip.connection_aiohttp.xǁConnectionAiohttp8888ǁ_async_execute_request__mutmut_91: survived
    custom_components.climate_ip.connection_aiohttp.xǁConnectionAiohttp8888ǁ_async_execute_request__mutmut_93: survived
    custom_components.climate_ip.connection_aiohttp.xǁConnectionAiohttp8888ǁ_async_execute_request__mutmut_94: survived
    custom_components.climate_ip.connection_aiohttp.xǁConnectionAiohttp8888ǁ_async_execute_request__mutmut_95: survived
    custom_components.climate_ip.connection_aiohttp.xǁConnectionAiohttp8888ǁ_async_execute_request__mutmut_96: survived
    custom_components.climate_ip.connection_aiohttp.xǁConnectionAiohttp8888ǁ_async_execute_request__mutmut_97: survived
    custom_components.climate_ip.connection_aiohttp.xǁConnectionAiohttp8888ǁ_async_execute_request__mutmut_98: survived
    custom_components.climate_ip.connection_aiohttp.xǁConnectionAiohttp8888ǁ_async_execute_request__mutmut_99: survived
    custom_components.climate_ip.connection_aiohttp.xǁConnectionAiohttp8888ǁ_async_execute_request__mutmut_100: survived
    custom_components.climate_ip.connection_aiohttp.xǁConnectionAiohttp8888ǁ_async_execute_request__mutmut_101: survived
    custom_components.climate_ip.connection_aiohttp.xǁConnectionAiohttp8888ǁ_async_execute_request__mutmut_102: survived
    custom_components.climate_ip.connection_aiohttp.xǁConnectionAiohttp8888ǁ_async_execute_request__mutmut_103: survived
    custom_components.climate_ip.connection_aiohttp.xǁConnectionAiohttp8888ǁ_async_execute_request__mutmut_104: survived
    custom_components.climate_ip.connection_aiohttp.xǁConnectionAiohttp8888ǁ_async_execute_request__mutmut_105: survived
    custom_components.climate_ip.connection_aiohttp.xǁConnectionAiohttp8888ǁ_async_execute_request__mutmut_110: survived
    custom_components.climate_ip.connection_aiohttp.xǁConnectionAiohttp8888ǁ_async_execute_request__mutmut_111: survived
    custom_components.climate_ip.connection_aiohttp.xǁConnectionAiohttp8888ǁ_async_execute_request__mutmut_112: survived
    custom_components.climate_ip.connection_aiohttp.xǁConnectionAiohttp8888ǁ_async_execute_request__mutmut_113: survived
    custom_components.climate_ip.connection_aiohttp.xǁConnectionAiohttp8888ǁ_async_execute_request__mutmut_114: survived
    custom_components.climate_ip.connection_aiohttp.xǁConnectionAiohttp8888ǁ_async_execute_request__mutmut_115: survived
    custom_components.climate_ip.connection_aiohttp.xǁConnectionAiohttp8888ǁ_async_execute_request__mutmut_116: survived
    custom_components.climate_ip.connection_aiohttp.xǁConnectionAiohttp8888ǁ_async_execute_request__mutmut_117: survived
    custom_components.climate_ip.connection_aiohttp.xǁConnectionAiohttp8888ǁ_async_execute_request__mutmut_118: survived
    custom_components.climate_ip.connection_aiohttp.xǁConnectionAiohttp8888ǁ_async_execute_request__mutmut_120: survived
    custom_components.climate_ip.connection_aiohttp.xǁConnectionAiohttp8888ǁ_async_execute_request__mutmut_123: survived
    custom_components.climate_ip.connection_aiohttp.xǁConnectionAiohttp8888ǁ_async_execute_request__mutmut_124: survived
    custom_components.climate_ip.connection_aiohttp.xǁConnectionAiohttp8888ǁ_async_execute_request__mutmut_125: survived
    custom_components.climate_ip.connection_aiohttp.xǁConnectionAiohttp8888ǁ_async_execute_request__mutmut_126: survived
    custom_components.climate_ip.connection_aiohttp.xǁConnectionAiohttp8888ǁ_async_execute_request__mutmut_127: survived
    custom_components.climate_ip.connection_aiohttp.xǁConnectionAiohttp8888ǁ_async_execute_request__mutmut_128: survived
    custom_components.climate_ip.connection_aiohttp.xǁConnectionAiohttp8888ǁ_async_execute_request__mutmut_130: survived
    custom_components.climate_ip.connection_aiohttp.xǁConnectionAiohttp8888ǁ_async_execute_request__mutmut_131: survived
    custom_components.climate_ip.connection_aiohttp.xǁConnectionAiohttp8888ǁ_async_execute_request__mutmut_132: survived
    custom_components.climate_ip.connection_aiohttp.xǁConnectionAiohttp8888ǁ_async_execute_request__mutmut_133: survived
    custom_components.climate_ip.connection_aiohttp.xǁConnectionAiohttp8888ǁ_async_execute_request__mutmut_134: survived
    custom_components.climate_ip.connection_aiohttp.xǁConnectionAiohttp8888ǁ_async_execute_request__mutmut_135: survived
    custom_components.climate_ip.connection_aiohttp.xǁConnectionAiohttp8888ǁ_async_execute_request__mutmut_136: survived
    custom_components.climate_ip.connection_aiohttp.xǁConnectionAiohttp8888ǁ_async_execute_request__mutmut_137: survived
    custom_components.climate_ip.connection_aiohttp.xǁConnectionAiohttp8888ǁ_async_execute_request__mutmut_138: survived
    custom_components.climate_ip.connection_aiohttp.xǁConnectionAiohttp8888ǁ_async_execute_request__mutmut_139: survived
    custom_components.climate_ip.connection_aiohttp.xǁConnectionAiohttp8888ǁ_async_execute_request__mutmut_140: survived
    custom_components.climate_ip.connection_aiohttp.xǁConnectionAiohttp8888ǁ_async_execute_request__mutmut_141: survived
    custom_components.climate_ip.connection_aiohttp.xǁConnectionAiohttp8888ǁ_async_execute_request__mutmut_142: survived
    custom_components.climate_ip.connection_aiohttp.xǁConnectionAiohttp8888ǁ_async_execute_request__mutmut_143: survived
    custom_components.climate_ip.connection_aiohttp.xǁConnectionAiohttp8888ǁ_async_execute_request__mutmut_144: survived
    custom_components.climate_ip.connection_aiohttp.xǁConnectionAiohttp8888ǁ_async_execute_request__mutmut_145: survived
    custom_components.climate_ip.connection_aiohttp.xǁConnectionAiohttp8888ǁ_async_execute_request__mutmut_146: survived
    custom_components.climate_ip.connection_aiohttp.xǁConnectionAiohttp8888ǁ_async_execute_request__mutmut_147: survived
    custom_components.climate_ip.connection_aiohttp.xǁConnectionAiohttp8888ǁ_async_execute_request__mutmut_148: survived
    custom_components.climate_ip.connection_aiohttp.xǁConnectionAiohttp8888ǁ_async_execute_request__mutmut_151: survived
    custom_components.climate_ip.connection_aiohttp.xǁConnectionAiohttp8888ǁ_async_execute_request__mutmut_153: survived
    custom_components.climate_ip.connection_aiohttp.xǁConnectionAiohttp8888ǁ_async_execute_request__mutmut_154: survived
    custom_components.climate_ip.connection_aiohttp.xǁConnectionAiohttp8888ǁ_async_execute_request__mutmut_155: survived
    custom_components.climate_ip.connection_aiohttp.xǁConnectionAiohttp8888ǁ_async_execute_request__mutmut_156: survived
    custom_components.climate_ip.connection_aiohttp.xǁConnectionAiohttp8888ǁ_async_execute_request__mutmut_158: survived
    custom_components.climate_ip.connection_aiohttp.xǁConnectionAiohttp8888ǁ_async_execute_request__mutmut_161: survived
    custom_components.climate_ip.connection_aiohttp.xǁConnectionAiohttp8888ǁ_async_execute_request__mutmut_162: survived
    custom_components.climate_ip.connection_aiohttp.xǁConnectionAiohttp8888ǁ_async_execute_request__mutmut_163: survived
    custom_components.climate_ip.connection_aiohttp.xǁConnectionAiohttp8888ǁ_async_execute_request__mutmut_164: survived
    custom_components.climate_ip.connection_aiohttp.xǁConnectionAiohttp8888ǁ_async_execute_request__mutmut_165: survived
    custom_components.climate_ip.connection_aiohttp.xǁConnectionAiohttp8888ǁ_async_execute_request__mutmut_166: survived
    custom_components.climate_ip.connection_aiohttp.xǁConnectionAiohttp8888ǁ_async_execute_request__mutmut_167: survived
    custom_components.climate_ip.connection_aiohttp.xǁConnectionAiohttp8888ǁ_async_execute_request__mutmut_168: survived
    custom_components.climate_ip.connection_aiohttp.xǁConnectionAiohttp8888ǁ_async_execute_request__mutmut_169: survived
    custom_components.climate_ip.connection_aiohttp.xǁConnectionAiohttp8888ǁ_async_execute_request__mutmut_170: survived
    custom_components.climate_ip.connection_aiohttp.xǁConnectionAiohttp8888ǁ_async_execute_request__mutmut_171: survived
    custom_components.climate_ip.connection_aiohttp.xǁConnectionAiohttp8888ǁ_async_execute_request__mutmut_172: survived
    custom_components.climate_ip.connection_aiohttp.xǁConnectionAiohttp8888ǁ_async_execute_request__mutmut_174: survived
    custom_components.climate_ip.connection_aiohttp.xǁConnectionAiohttp8888ǁ_async_execute_request__mutmut_177: survived
    custom_components.climate_ip.connection_aiohttp.xǁConnectionAiohttp8888ǁ_async_execute_request__mutmut_178: survived
    custom_components.climate_ip.connection_aiohttp.xǁConnectionAiohttp8888ǁ_async_execute_request__mutmut_179: survived
    custom_components.climate_ip.connection_aiohttp.xǁConnectionAiohttp8888ǁ_async_execute_request__mutmut_180: survived
    custom_components.climate_ip.connection_aiohttp.xǁConnectionAiohttp8888ǁ_async_execute_request__mutmut_181: survived
    custom_components.climate_ip.connection_aiohttp.xǁConnectionAiohttp8888ǁ_async_execute_request__mutmut_182: survived
    custom_components.climate_ip.connection_aiohttp.xǁConnectionAiohttp8888ǁ_async_execute_request__mutmut_183: survived
    custom_components.climate_ip.connection_aiohttp.xǁConnectionAiohttp8888ǁ_async_execute_request__mutmut_184: survived
    custom_components.climate_ip.connection_aiohttp.xǁConnectionAiohttp8888ǁ_async_execute_request__mutmut_186: survived
    custom_components.climate_ip.connection_aiohttp.xǁConnectionAiohttp8888ǁ_async_execute_request__mutmut_189: survived
    custom_components.climate_ip.connection_aiohttp.xǁConnectionAiohttp8888ǁ_async_execute_request__mutmut_190: survived
    custom_components.climate_ip.connection_aiohttp.xǁConnectionAiohttp8888ǁ_async_execute_request__mutmut_191: survived
    custom_components.climate_ip.connection_aiohttp.xǁConnectionAiohttp8888ǁ_async_execute_request__mutmut_192: survived
    custom_components.climate_ip.connection_aiohttp.xǁConnectionAiohttp8888ǁ_async_execute_request__mutmut_193: survived
    custom_components.climate_ip.connection_aiohttp.xǁConnectionAiohttp8888ǁ_async_execute_request__mutmut_194: survived
    custom_components.climate_ip.connection_aiohttp.xǁConnectionAiohttp8888ǁ_async_execute_request__mutmut_196: survived
    custom_components.climate_ip.connection_aiohttp.xǁConnectionAiohttp8888ǁ_async_execute_request__mutmut_199: survived
    custom_components.climate_ip.connection_aiohttp.xǁConnectionAiohttp8888ǁ_async_execute_request__mutmut_200: survived
    custom_components.climate_ip.connection_aiohttp.xǁConnectionAiohttp8888ǁ_async_execute_request__mutmut_201: survived
    custom_components.climate_ip.connection_aiohttp.xǁConnectionAiohttp8888ǁ_async_execute_request__mutmut_203: survived
    custom_components.climate_ip.connection_aiohttp.xǁConnectionAiohttp8888ǁ_async_execute_request__mutmut_204: survived
    custom_components.climate_ip.connection_aiohttp.xǁConnectionAiohttp8888ǁ_async_execute_request__mutmut_205: survived
    custom_components.climate_ip.connection_aiohttp.xǁConnectionAiohttp8888ǁ_async_execute_request__mutmut_206: survived
    custom_components.climate_ip.connection_aiohttp.xǁConnectionAiohttp8888ǁ_async_execute_request__mutmut_207: survived
    custom_components.climate_ip.connection_aiohttp.xǁConnectionAiohttp8888ǁ_async_execute_request__mutmut_208: survived
    custom_components.climate_ip.connection_aiohttp.xǁConnectionAiohttp8888ǁ_async_execute_request__mutmut_209: survived
    custom_components.climate_ip.connection_aiohttp.xǁConnectionAiohttp8888ǁ_async_execute_request__mutmut_211: survived
    custom_components.climate_ip.connection_aiohttp.xǁConnectionAiohttp8888ǁ_async_execute_request__mutmut_212: survived
    custom_components.climate_ip.connection_aiohttp.xǁConnectionAiohttp8888ǁ_async_execute_request__mutmut_214: survived
    custom_components.climate_ip.connection_aiohttp.xǁConnectionAiohttp8888ǁ_async_execute_request__mutmut_217: survived
    custom_components.climate_ip.connection_aiohttp.xǁConnectionAiohttp8888ǁ_async_execute_request__mutmut_218: survived
    custom_components.climate_ip.connection_aiohttp.xǁConnectionAiohttp8888ǁ_async_execute_request__mutmut_219: survived
    custom_components.climate_ip.connection_aiohttp.xǁConnectionAiohttp8888ǁ_async_execute_request__mutmut_220: survived
    custom_components.climate_ip.connection_aiohttp.xǁConnectionAiohttp8888ǁ_async_execute_request__mutmut_221: survived
    custom_components.climate_ip.connection_aiohttp.xǁConnectionAiohttp8888ǁ_async_execute_request__mutmut_222: survived
    custom_components.climate_ip.connection_aiohttp.xǁConnectionAiohttp8888ǁ_async_execute_request__mutmut_224: survived
    custom_components.climate_ip.connection_aiohttp.xǁConnectionAiohttp8888ǁ_async_execute_request__mutmut_227: survived
    custom_components.climate_ip.connection_aiohttp.xǁConnectionAiohttp8888ǁ_async_execute_request__mutmut_228: survived
    custom_components.climate_ip.connection_aiohttp.xǁConnectionAiohttp8888ǁ_async_execute_request__mutmut_229: survived
    custom_components.climate_ip.connection_aiohttp.xǁConnectionAiohttp8888ǁ_async_execute_request__mutmut_230: survived
    custom_components.climate_ip.connection_aiohttp.xǁConnectionAiohttp8888ǁ_async_execute_request__mutmut_231: survived
    custom_components.climate_ip.connection_aiohttp.xǁConnectionAiohttp8888ǁ_async_execute_request__mutmut_232: survived
    custom_components.climate_ip.connection_aiohttp.xǁConnectionAiohttp8888ǁ_async_execute_request__mutmut_236: survived
    custom_components.climate_ip.connection_aiohttp.xǁConnectionAiohttp8888ǁ_async_execute_request__mutmut_237: survived
    custom_components.climate_ip.connection_aiohttp.xǁConnectionAiohttp8888ǁ_async_execute_request__mutmut_238: survived
    custom_components.climate_ip.connection_aiohttp.xǁConnectionAiohttp8888ǁ_async_execute_request__mutmut_239: survived
    custom_components.climate_ip.connection_aiohttp.xǁConnectionAiohttp8888ǁ_async_execute_request__mutmut_240: survived
    custom_components.climate_ip.connection_aiohttp.xǁConnectionAiohttp8888ǁ_async_execute_request__mutmut_241: survived
    custom_components.climate_ip.connection_aiohttp.xǁConnectionAiohttp8888ǁ_async_execute_request__mutmut_242: survived
    custom_components.climate_ip.connection_aiohttp.xǁConnectionAiohttp8888ǁ_async_execute_request__mutmut_243: survived
    custom_components.climate_ip.connection_aiohttp.xǁConnectionAiohttp8888ǁ_async_execute_request__mutmut_244: survived
    custom_components.climate_ip.connection_aiohttp.xǁConnectionAiohttp8888ǁ_async_execute_request__mutmut_245: survived
    custom_components.climate_ip.connection_aiohttp.xǁConnectionAiohttp8888ǁ_async_execute_request__mutmut_246: survived
    custom_components.climate_ip.connection_aiohttp.xǁConnectionAiohttp8888ǁ_async_execute_request__mutmut_248: survived
    custom_components.climate_ip.connection_aiohttp.xǁConnectionAiohttp8888ǁ_async_execute_request__mutmut_251: survived
    custom_components.climate_ip.connection_aiohttp.xǁConnectionAiohttp8888ǁ_async_execute_request__mutmut_252: survived
    custom_components.climate_ip.connection_aiohttp.xǁConnectionAiohttp8888ǁ_async_execute_request__mutmut_253: survived
    custom_components.climate_ip.connection_aiohttp.xǁConnectionAiohttp8888ǁ_async_execute_request__mutmut_254: survived
    custom_components.climate_ip.connection_aiohttp.xǁConnectionAiohttp8888ǁ_async_execute_request__mutmut_255: survived
    custom_components.climate_ip.connection_aiohttp.xǁConnectionAiohttp8888ǁ_async_execute_request__mutmut_256: survived
    custom_components.climate_ip.connection_aiohttp.xǁConnectionAiohttp8888ǁ_async_execute_request__mutmut_258: survived
    custom_components.climate_ip.connection_aiohttp.xǁConnectionAiohttp8888ǁ_async_execute_request__mutmut_259: survived
    custom_components.climate_ip.connection_aiohttp.xǁConnectionAiohttp8888ǁ_async_execute_request__mutmut_260: survived
    custom_components.climate_ip.connection_aiohttp.xǁConnectionAiohttp8888ǁ_async_execute_request__mutmut_261: survived
    custom_components.climate_ip.connection_aiohttp.xǁConnectionAiohttp8888ǁ_async_execute_request__mutmut_262: survived
    custom_components.climate_ip.connection_aiohttp.xǁConnectionAiohttp8888ǁ_async_execute_request__mutmut_263: survived
    custom_components.climate_ip.connection_aiohttp.xǁConnectionAiohttp8888ǁ_async_execute_request__mutmut_264: survived
    custom_components.climate_ip.connection_aiohttp.xǁConnectionAiohttp8888ǁ_async_execute_request__mutmut_265: survived
    custom_components.climate_ip.connection_aiohttp.xǁConnectionAiohttp8888ǁ_async_execute_request__mutmut_266: survived
    custom_components.climate_ip.connection_aiohttp.xǁConnectionAiohttp8888ǁ_async_execute_request__mutmut_267: survived
    custom_components.climate_ip.connection_aiohttp.xǁConnectionAiohttp8888ǁ_async_execute_request__mutmut_268: survived
    custom_components.climate_ip.connection_aiohttp.xǁConnectionAiohttp8888ǁ_async_execute_request__mutmut_269: survived
    custom_components.climate_ip.connection_aiohttp.xǁConnectionAiohttp8888ǁ_async_execute_request__mutmut_270: survived
    custom_components.climate_ip.connection_aiohttp.xǁConnectionAiohttp8888ǁ_async_execute_request__mutmut_271: survived
    custom_components.climate_ip.connection_aiohttp.xǁConnectionAiohttp8888ǁ_async_execute_request__mutmut_272: survived
    custom_components.climate_ip.connection_aiohttp.xǁConnectionAiohttp8888ǁ_async_execute_request__mutmut_273: survived
    custom_components.climate_ip.connection_aiohttp.xǁConnectionAiohttp8888ǁ_async_execute_request__mutmut_274: survived
    custom_components.climate_ip.connection_aiohttp.xǁConnectionAiohttp8888ǁ_async_execute_request__mutmut_276: survived
    custom_components.climate_ip.connection_aiohttp.xǁConnectionAiohttp8888ǁ_async_execute_request__mutmut_277: survived
    custom_components.climate_ip.connection_aiohttp.xǁConnectionAiohttp8888ǁ_async_execute_request__mutmut_278: survived
    custom_components.climate_ip.connection_aiohttp.xǁConnectionAiohttp8888ǁ_async_execute_request__mutmut_279: survived
    custom_components.climate_ip.connection_aiohttp.xǁConnectionAiohttp8888ǁ_async_execute_request__mutmut_280: survived
    custom_components.climate_ip.connection_aiohttp.xǁConnectionAiohttp8888ǁ_async_execute_request__mutmut_281: survived
    custom_components.climate_ip.connection_aiohttp.xǁConnectionAiohttp8888ǁ_async_execute_request__mutmut_282: survived
    custom_components.climate_ip.connection_aiohttp.xǁConnectionAiohttp8888ǁ_async_execute_request__mutmut_283: survived
    custom_components.climate_ip.connection_aiohttp.xǁConnectionAiohttp8888ǁ_async_execute_request__mutmut_284: survived
    custom_components.climate_ip.connection_aiohttp.xǁConnectionAiohttp8888ǁ_async_execute_request__mutmut_285: survived
    custom_components.climate_ip.connection_aiohttp.xǁConnectionAiohttp8888ǁ_async_execute_request__mutmut_286: survived
    custom_components.climate_ip.connection_aiohttp.xǁConnectionAiohttp8888ǁ_async_execute_request__mutmut_287: survived
    custom_components.climate_ip.connection_aiohttp.xǁConnectionAiohttp8888ǁ_async_execute_request__mutmut_288: survived
    custom_components.climate_ip.connection_aiohttp.xǁConnectionAiohttp8888ǁ_async_execute_request__mutmut_289: survived
    custom_components.climate_ip.connection_aiohttp.xǁConnectionAiohttp8888ǁ_async_execute_request__mutmut_290: survived
    custom_components.climate_ip.connection_aiohttp.xǁConnectionAiohttp8888ǁ_async_execute_request__mutmut_291: survived
    custom_components.climate_ip.connection_aiohttp.xǁConnectionAiohttp8888ǁ_async_execute_request__mutmut_292: survived
    custom_components.climate_ip.connection_aiohttp.xǁConnectionAiohttp8888ǁ_async_execute_request__mutmut_294: survived
    custom_components.climate_ip.connection_aiohttp.xǁConnectionAiohttp8888ǁ_async_execute_request__mutmut_295: survived
    custom_components.climate_ip.connection_aiohttp.xǁConnectionAiohttp8888ǁ_async_execute_request__mutmut_296: survived
    custom_components.climate_ip.connection_aiohttp.xǁConnectionAiohttp8888ǁ_async_execute_request__mutmut_297: survived
    custom_components.climate_ip.connection_aiohttp.xǁConnectionAiohttp8888ǁ_async_execute_request__mutmut_298: survived
    custom_components.climate_ip.connection_aiohttp.xǁConnectionAiohttp8888ǁ_async_execute_request__mutmut_299: survived
    custom_components.climate_ip.connection_aiohttp.xǁConnectionAiohttp8888ǁ_async_execute_request__mutmut_300: survived
    custom_components.climate_ip.connection_aiohttp.xǁConnectionAiohttp8888ǁ_async_execute_request__mutmut_301: survived
    custom_components.climate_ip.connection_aiohttp.xǁConnectionAiohttp8888ǁ_async_execute_request__mutmut_302: survived
    custom_components.climate_ip.connection_aiohttp.xǁConnectionAiohttp8888ǁexecute__mutmut_1: no tests
    custom_components.climate_ip.connection_aiohttp.xǁConnectionAiohttp8888ǁexecute__mutmut_2: no tests
    custom_components.climate_ip.connection_aiohttp.xǁConnectionAiohttp8888ǁexecute__mutmut_3: no tests
    custom_components.climate_ip.connection_aiohttp.xǁConnectionAiohttp8888ǁexecute__mutmut_4: no tests
    custom_components.climate_ip.connection_aiohttp.xǁConnectionAiohttp8888ǁasync_execute__mutmut_1: survived
    custom_components.climate_ip.connection_aiohttp.xǁConnectionAiohttp8888ǁasync_execute__mutmut_2: survived
    custom_components.climate_ip.connection_aiohttp.xǁConnectionAiohttp8888ǁasync_execute__mutmut_3: survived
    custom_components.climate_ip.connection_aiohttp.xǁConnectionAiohttp8888ǁasync_execute__mutmut_4: survived
    custom_components.climate_ip.connection_aiohttp.xǁConnectionAiohttp8888ǁasync_execute__mutmut_5: survived
    custom_components.climate_ip.connection_aiohttp.xǁConnectionAiohttp8888ǁasync_execute__mutmut_9: survived
    custom_components.climate_ip.connection_aiohttp.xǁConnectionAiohttp8888ǁasync_execute__mutmut_10: survived
    custom_components.climate_ip.connection_aiohttp.xǁConnectionAiohttp8888ǁasync_execute__mutmut_11: survived
    custom_components.climate_ip.connection_aiohttp.xǁConnectionAiohttp8888ǁasync_execute__mutmut_12: survived
    custom_components.climate_ip.connection_aiohttp.xǁConnectionAiohttp8888ǁasync_execute__mutmut_13: survived
    custom_components.climate_ip.connection_aiohttp.xǁConnectionAiohttp8888ǁasync_execute__mutmut_14: survived
    custom_components.climate_ip.connection_aiohttp.xǁConnectionAiohttp8888ǁasync_execute__mutmut_15: survived
    custom_components.climate_ip.connection_aiohttp.xǁConnectionAiohttp8888ǁasync_execute__mutmut_16: survived
    custom_components.climate_ip.connection_aiohttp.xǁConnectionAiohttp8888ǁasync_execute__mutmut_17: survived
    custom_components.climate_ip.connection_aiohttp.xǁConnectionAiohttp8888ǁasync_execute__mutmut_18: survived
    custom_components.climate_ip.connection_aiohttp.xǁConnectionAiohttp8888ǁasync_execute__mutmut_19: survived
    custom_components.climate_ip.connection_aiohttp.xǁConnectionAiohttp8888ǁasync_execute__mutmut_20: survived
    custom_components.climate_ip.connection_aiohttp.xǁConnectionAiohttp8888ǁasync_execute__mutmut_21: survived
    custom_components.climate_ip.connection_aiohttp.xǁConnectionAiohttp8888ǁasync_execute__mutmut_22: survived
    custom_components.climate_ip.connection_aiohttp.xǁConnectionAiohttp8888ǁasync_execute__mutmut_23: survived
    custom_components.climate_ip.connection_aiohttp.xǁConnectionAiohttp8888ǁasync_execute__mutmut_24: survived
    custom_components.climate_ip.connection_aiohttp.xǁConnectionAiohttp8888ǁasync_execute__mutmut_25: survived
    custom_components.climate_ip.connection_aiohttp.xǁConnectionAiohttp8888ǁasync_execute__mutmut_26: survived
    custom_components.climate_ip.connection_aiohttp.xǁConnectionAiohttp8888ǁasync_execute__mutmut_27: survived
    custom_components.climate_ip.connection_aiohttp.xǁConnectionAiohttp8888ǁasync_execute__mutmut_28: survived
    custom_components.climate_ip.connection_aiohttp.xǁConnectionAiohttp8888ǁasync_execute__mutmut_29: survived
    custom_components.climate_ip.connection_aiohttp.xǁConnectionAiohttp8888ǁasync_execute__mutmut_30: survived
    custom_components.climate_ip.connection_aiohttp.xǁConnectionAiohttp8888ǁasync_execute__mutmut_31: survived
    custom_components.climate_ip.connection_aiohttp.xǁConnectionAiohttp8888ǁasync_execute__mutmut_32: survived
    custom_components.climate_ip.connection_aiohttp.xǁConnectionAiohttp8888ǁasync_execute__mutmut_33: survived
    custom_components.climate_ip.connection_aiohttp.xǁConnectionAiohttp8888ǁasync_execute__mutmut_34: survived
    custom_components.climate_ip.connection_aiohttp.xǁConnectionAiohttp8888ǁasync_execute__mutmut_35: survived
    custom_components.climate_ip.connection_aiohttp.xǁConnectionAiohttp8888ǁasync_execute__mutmut_36: survived
    custom_components.climate_ip.connection_aiohttp.xǁConnectionAiohttp8888ǁasync_execute__mutmut_37: survived
    custom_components.climate_ip.connection_aiohttp.xǁConnectionAiohttp8888ǁasync_execute__mutmut_38: survived
    custom_components.climate_ip.connection_aiohttp.xǁConnectionAiohttp8888ǁasync_execute__mutmut_39: survived
    custom_components.climate_ip.connection_aiohttp.xǁConnectionAiohttp8888ǁasync_execute__mutmut_40: survived
    custom_components.climate_ip.connection_aiohttp.xǁConnectionAiohttp8888ǁasync_execute__mutmut_49: survived
    custom_components.climate_ip.connection_aiohttp.xǁConnectionAiohttp8888ǁasync_execute__mutmut_50: survived
    custom_components.climate_ip.connection_aiohttp.xǁConnectionAiohttp8888ǁasync_execute__mutmut_51: survived
    custom_components.climate_ip.connection_aiohttp.xǁConnectionAiohttp8888ǁasync_execute__mutmut_52: survived
    custom_components.climate_ip.connection_aiohttp.xǁConnectionAiohttp8888ǁasync_execute__mutmut_53: survived
    custom_components.climate_ip.connection_aiohttp.xǁConnectionAiohttp8888ǁasync_execute__mutmut_54: survived
    custom_components.climate_ip.connection_aiohttp.xǁConnectionAiohttp8888ǁasync_execute__mutmut_55: survived
    custom_components.climate_ip.connection_aiohttp.xǁConnectionAiohttp8888ǁasync_execute__mutmut_56: survived
    custom_components.climate_ip.connection_aiohttp.xǁConnectionAiohttp8888ǁasync_execute__mutmut_57: survived
    custom_components.climate_ip.connection_aiohttp.xǁConnectionAiohttp8888ǁasync_execute__mutmut_61: survived
    custom_components.climate_ip.connection_aiohttp.xǁConnectionAiohttp8888ǁasync_execute__mutmut_67: survived
    custom_components.climate_ip.connection_aiohttp.xǁConnectionAiohttp8888ǁasync_execute__mutmut_70: survived
    custom_components.climate_ip.connection_aiohttp.xǁConnectionAiohttp8888ǁasync_execute__mutmut_71: survived
    custom_components.climate_ip.connection_aiohttp.xǁConnectionAiohttp8888ǁasync_execute__mutmut_72: survived
    custom_components.climate_ip.connection_aiohttp.xǁConnectionAiohttp8888ǁasync_execute__mutmut_73: survived
    custom_components.climate_ip.connection_aiohttp.xǁConnectionAiohttp8888ǁasync_execute__mutmut_74: survived
    custom_components.climate_ip.connection_aiohttp.xǁConnectionAiohttp8888ǁasync_execute__mutmut_75: survived
    custom_components.climate_ip.connection_aiohttp.xǁConnectionAiohttp8888ǁasync_execute__mutmut_76: survived
    custom_components.climate_ip.connection_aiohttp.xǁConnectionAiohttp8888ǁasync_execute__mutmut_77: survived
    custom_components.climate_ip.connection_aiohttp.xǁConnectionAiohttp8888ǁasync_execute__mutmut_78: survived
    custom_components.climate_ip.connection_aiohttp.xǁConnectionAiohttp8888ǁasync_execute__mutmut_79: survived
    custom_components.climate_ip.connection_aiohttp.xǁConnectionAiohttp8888ǁasync_execute__mutmut_80: survived
    custom_components.climate_ip.connection_aiohttp.xǁConnectionAiohttp8888ǁasync_execute__mutmut_81: survived
    custom_components.climate_ip.connection_aiohttp.xǁConnectionAiohttp8888ǁasync_execute__mutmut_82: survived
    custom_components.climate_ip.connection_aiohttp.xǁConnectionAiohttp8888ǁasync_execute__mutmut_83: survived
    custom_components.climate_ip.connection_aiohttp.xǁConnectionAiohttp8888ǁasync_execute__mutmut_84: survived
    custom_components.climate_ip.connection_aiohttp.xǁConnectionAiohttp8888ǁasync_execute__mutmut_85: survived
    custom_components.climate_ip.connection_aiohttp.xǁConnectionAiohttp8888ǁasync_execute__mutmut_86: survived
    custom_components.climate_ip.connection_aiohttp.xǁConnectionAiohttp8888ǁasync_execute__mutmut_87: survived
    custom_components.climate_ip.connection_aiohttp.xǁConnectionAiohttp8888ǁasync_execute__mutmut_88: survived
    custom_components.climate_ip.connection_aiohttp.xǁConnectionAiohttp8888ǁasync_execute__mutmut_89: survived
    custom_components.climate_ip.connection_aiohttp.xǁConnectionAiohttp8888ǁasync_execute__mutmut_92: survived
    custom_components.climate_ip.connection_aiohttp.xǁConnectionAiohttp8888ǁasync_execute__mutmut_93: survived
    custom_components.climate_ip.connection_aiohttp.xǁConnectionAiohttp8888ǁasync_execute__mutmut_94: survived
    custom_components.climate_ip.connection_aiohttp.xǁConnectionAiohttp8888ǁasync_execute__mutmut_95: survived
    custom_components.climate_ip.connection_aiohttp.xǁConnectionAiohttp8888ǁasync_execute__mutmut_97: survived
    custom_components.climate_ip.connection_aiohttp.xǁConnectionAiohttp8888ǁasync_execute__mutmut_98: survived
    custom_components.climate_ip.connection_aiohttp.xǁConnectionAiohttp8888ǁasync_execute__mutmut_99: survived
    custom_components.climate_ip.connection_aiohttp.xǁConnectionAiohttp8888ǁasync_execute__mutmut_100: survived
    custom_components.climate_ip.connection_aiohttp.xǁConnectionAiohttp8888ǁasync_execute__mutmut_101: survived
    custom_components.climate_ip.connection_aiohttp.xǁConnectionAiohttp8888ǁasync_execute__mutmut_102: survived
    custom_components.climate_ip.connection_aiohttp.xǁConnectionAiohttp8888ǁasync_execute__mutmut_103: survived
    custom_components.climate_ip.connection_aiohttp.xǁConnectionAiohttp8888ǁasync_execute__mutmut_104: survived
    custom_components.climate_ip.connection_aiohttp.xǁConnectionAiohttp8888ǁasync_execute__mutmut_105: survived
    custom_components.climate_ip.connection_aiohttp.xǁConnectionAiohttp8888ǁasync_execute__mutmut_106: survived
    custom_components.climate_ip.connection_aiohttp.xǁConnectionAiohttp8888ǁasync_execute__mutmut_107: survived
    custom_components.climate_ip.connection_aiohttp.xǁConnectionAiohttp8888ǁasync_execute__mutmut_108: survived
    custom_components.climate_ip.connection_aiohttp.xǁConnectionAiohttp8888ǁasync_execute__mutmut_109: survived
    custom_components.climate_ip.connection_aiohttp.xǁConnectionAiohttp8888ǁasync_execute__mutmut_110: survived
    custom_components.climate_ip.connection_aiohttp.xǁConnectionAiohttp8888ǁasync_execute__mutmut_111: survived
    custom_components.climate_ip.connection_aiohttp.xǁConnectionAiohttp8888ǁasync_execute__mutmut_112: survived
    custom_components.climate_ip.connection_aiohttp.xǁConnectionAiohttp8888ǁasync_execute__mutmut_113: survived
    custom_components.climate_ip.connection_aiohttp.xǁConnectionAiohttp8888ǁasync_execute__mutmut_114: survived
    custom_components.climate_ip.connection_aiohttp.xǁConnectionAiohttp8888ǁasync_execute__mutmut_115: survived
    custom_components.climate_ip.connection_aiohttp.xǁConnectionAiohttp8888ǁasync_execute__mutmut_116: survived
    custom_components.climate_ip.connection_aiohttp.xǁConnectionAiohttp8888ǁasync_execute__mutmut_117: survived
    custom_components.climate_ip.connection_aiohttp.xǁConnectionAiohttp8888ǁasync_execute__mutmut_118: survived
    custom_components.climate_ip.connection_aiohttp.xǁConnectionAiohttp8888ǁasync_execute__mutmut_119: survived
    custom_components.climate_ip.connection_aiohttp.xǁConnectionAiohttp8888ǁasync_execute__mutmut_120: survived
    custom_components.climate_ip.connection_aiohttp.xǁConnectionAiohttp8888ǁasync_execute__mutmut_121: survived
    custom_components.climate_ip.connection_aiohttp.xǁConnectionAiohttp8888ǁasync_execute__mutmut_122: survived
    custom_components.climate_ip.connection_aiohttp.xǁConnectionAiohttp8888ǁasync_execute__mutmut_123: survived
    custom_components.climate_ip.connection_aiohttp.xǁConnectionAiohttp8888ǁasync_execute__mutmut_124: survived
    custom_components.climate_ip.connection_aiohttp.xǁConnectionAiohttp8888ǁasync_execute__mutmut_125: survived
    custom_components.climate_ip.connection_aiohttp.xǁConnectionAiohttp8888ǁasync_execute__mutmut_126: survived
    custom_components.climate_ip.connection_aiohttp.xǁConnectionAiohttp8888ǁasync_execute__mutmut_128: survived
    custom_components.climate_ip.connection_aiohttp.xǁConnectionAiohttp8888ǁasync_execute__mutmut_132: survived
    custom_components.climate_ip.connection_aiohttp.xǁConnectionAiohttp8888ǁasync_execute__mutmut_133: survived
    custom_components.climate_ip.connection_aiohttp.xǁConnectionAiohttp8888ǁasync_execute__mutmut_134: survived
    custom_components.climate_ip.connection_aiohttp.xǁConnectionAiohttp8888ǁasync_execute__mutmut_135: survived
    custom_components.climate_ip.connection_aiohttp.xǁConnectionAiohttp8888ǁasync_execute__mutmut_136: survived
    custom_components.climate_ip.connection_aiohttp.xǁConnectionAiohttp8888ǁasync_execute__mutmut_137: survived
    custom_components.climate_ip.connection_aiohttp.xǁConnectionAiohttp8888ǁasync_execute__mutmut_138: survived
    custom_components.climate_ip.connection_aiohttp.xǁConnectionAiohttp8888ǁasync_execute__mutmut_139: survived
    custom_components.climate_ip.connection_aiohttp.xǁConnectionAiohttp8888ǁasync_execute__mutmut_140: survived
    custom_components.climate_ip.connection_aiohttp.xǁConnectionAiohttp8888ǁasync_execute__mutmut_141: survived
    custom_components.climate_ip.connection_aiohttp.xǁConnectionAiohttp8888ǁasync_execute__mutmut_142: survived
    custom_components.climate_ip.connection_aiohttp.xǁConnectionAiohttp8888ǁasync_execute__mutmut_143: survived
    custom_components.climate_ip.connection_aiohttp.xǁConnectionAiohttp8888ǁasync_execute__mutmut_145: survived
    custom_components.climate_ip.connection_aiohttp.xǁConnectionAiohttp8888ǁasync_execute__mutmut_146: survived
    custom_components.climate_ip.connection_aiohttp.xǁConnectionAiohttp8888ǁasync_execute__mutmut_147: survived
    custom_components.climate_ip.connection_aiohttp.xǁConnectionAiohttp8888ǁasync_execute__mutmut_148: survived
    custom_components.climate_ip.connection_aiohttp.xǁConnectionAiohttp8888ǁasync_execute__mutmut_149: survived
    custom_components.climate_ip.connection_aiohttp.xǁConnectionAiohttp8888ǁasync_execute__mutmut_150: survived
    custom_components.climate_ip.connection_aiohttp.xǁConnectionAiohttp8888ǁasync_execute__mutmut_152: survived
    custom_components.climate_ip.connection_aiohttp.xǁConnectionAiohttp8888ǁasync_execute__mutmut_153: survived
    custom_components.climate_ip.connection_aiohttp.xǁConnectionAiohttp8888ǁasync_execute__mutmut_154: survived
    custom_components.climate_ip.connection_aiohttp.xǁConnectionAiohttp8888ǁasync_execute__mutmut_155: survived
    custom_components.climate_ip.connection_aiohttp.xǁConnectionAiohttp8888ǁasync_execute__mutmut_156: survived
    custom_components.climate_ip.connection_aiohttp.xǁConnectionAiohttp8888ǁasync_execute__mutmut_157: survived
    custom_components.climate_ip.connection_aiohttp.xǁConnectionAiohttp8888ǁasync_execute__mutmut_158: survived
    custom_components.climate_ip.connection_aiohttp.xǁConnectionAiohttp8888ǁasync_execute__mutmut_167: survived
    custom_components.climate_ip.connection_aiohttp.xǁConnectionAiohttp8888ǁasync_execute__mutmut_168: survived
    custom_components.climate_ip.connection_aiohttp.xǁConnectionAiohttp8888ǁasync_execute__mutmut_169: survived
    custom_components.climate_ip.connection_aiohttp.xǁConnectionAiohttp8888ǁasync_execute__mutmut_170: survived
    custom_components.climate_ip.connection_aiohttp.xǁConnectionAiohttp8888ǁasync_execute__mutmut_172: survived
    custom_components.climate_ip.connection_aiohttp.xǁConnectionAiohttp8888ǁasync_execute__mutmut_173: survived
    custom_components.climate_ip.connection_aiohttp.xǁConnectionAiohttp8888ǁasync_execute__mutmut_174: survived
    custom_components.climate_ip.connection_aiohttp.xǁConnectionAiohttp8888ǁasync_execute__mutmut_175: survived
    custom_components.climate_ip.connection_aiohttp.xǁConnectionAiohttp8888ǁasync_execute__mutmut_176: survived
    custom_components.climate_ip.connection_aiohttp.xǁConnectionAiohttp8888ǁasync_execute__mutmut_177: survived
    custom_components.climate_ip.connection_aiohttp.xǁConnectionAiohttp8888ǁasync_execute__mutmut_178: survived
    custom_components.climate_ip.connection_aiohttp.xǁConnectionAiohttp8888ǁasync_execute__mutmut_179: survived
    custom_components.climate_ip.connection_aiohttp.xǁConnectionAiohttp8888ǁasync_execute__mutmut_180: survived
    custom_components.climate_ip.connection_aiohttp.xǁConnectionAiohttp8888ǁasync_execute__mutmut_181: survived
    custom_components.climate_ip.connection_aiohttp.xǁConnectionAiohttp8888ǁasync_execute__mutmut_182: survived
    custom_components.climate_ip.connection_aiohttp.xǁConnectionAiohttp8888ǁasync_execute__mutmut_183: survived
    custom_components.climate_ip.connection_aiohttp.xǁConnectionAiohttp8888ǁasync_execute__mutmut_184: survived
    custom_components.climate_ip.connection_aiohttp.xǁConnectionAiohttp8888ǁasync_execute__mutmut_185: survived
    custom_components.climate_ip.connection_aiohttp.xǁConnectionAiohttp8888ǁasync_execute__mutmut_186: survived
    custom_components.climate_ip.connection_aiohttp.xǁConnectionAiohttp8888ǁasync_execute__mutmut_187: survived
    custom_components.climate_ip.connection_aiohttp.xǁConnectionAiohttp8888ǁasync_execute__mutmut_188: survived
    custom_components.climate_ip.connection_aiohttp.xǁConnectionAiohttp8888ǁasync_execute__mutmut_189: survived
    custom_components.climate_ip.connection_aiohttp.xǁConnectionAiohttp8888ǁasync_execute__mutmut_190: survived
    custom_components.climate_ip.connection_aiohttp.xǁConnectionAiohttp8888ǁasync_execute__mutmut_191: survived
    custom_components.climate_ip.connection_aiohttp.xǁConnectionAiohttp8888ǁasync_execute__mutmut_192: survived
    custom_components.climate_ip.connection_aiohttp.xǁConnectionAiohttp8888ǁasync_execute__mutmut_193: survived
    custom_components.climate_ip.connection_aiohttp.xǁConnectionAiohttp8888ǁasync_execute__mutmut_194: survived
    custom_components.climate_ip.connection_aiohttp.xǁConnectionAiohttp8888ǁasync_execute__mutmut_195: survived
    custom_components.climate_ip.connection_aiohttp.xǁConnectionAiohttp8888ǁasync_execute__mutmut_196: survived
    custom_components.climate_ip.connection_aiohttp.xǁConnectionAiohttp8888ǁasync_execute__mutmut_197: survived
    custom_components.climate_ip.connection_aiohttp.xǁConnectionAiohttp8888ǁasync_execute__mutmut_198: survived
    custom_components.climate_ip.connection_aiohttp.xǁConnectionAiohttp8888ǁasync_execute__mutmut_199: survived
    custom_components.climate_ip.connection_aiohttp.xǁConnectionAiohttp8888ǁasync_execute__mutmut_200: survived
    custom_components.climate_ip.connection_aiohttp.xǁConnectionAiohttp8888ǁasync_execute__mutmut_201: survived
    custom_components.climate_ip.connection_aiohttp.xǁConnectionAiohttp8888ǁasync_execute__mutmut_202: survived
    custom_components.climate_ip.connection_aiohttp.xǁConnectionAiohttp8888ǁasync_execute__mutmut_203: survived
    custom_components.climate_ip.connection_aiohttp.xǁConnectionAiohttp8888ǁasync_execute__mutmut_204: survived
    custom_components.climate_ip.connection_aiohttp.xǁConnectionAiohttp8888ǁasync_execute__mutmut_205: survived
    custom_components.climate_ip.connection_aiohttp.xǁConnectionAiohttp8888ǁasync_execute__mutmut_206: survived
    custom_components.climate_ip.connection_aiohttp.xǁConnectionAiohttp8888ǁasync_execute__mutmut_207: survived
    custom_components.climate_ip.connection_aiohttp.xǁConnectionAiohttp8888ǁasync_execute__mutmut_208: survived
    custom_components.climate_ip.connection_aiohttp.xǁConnectionAiohttp8888ǁasync_execute__mutmut_213: survived
    custom_components.climate_ip.connection_aiohttp.xǁConnectionAiohttp8888ǁasync_execute__mutmut_214: survived
    custom_components.climate_ip.connection_aiohttp.xǁConnectionAiohttp8888ǁget_diagnostics__mutmut_5: survived
    custom_components.climate_ip.connection_aiohttp.xǁConnectionAiohttp8888ǁget_diagnostics__mutmut_7: survived
    custom_components.climate_ip.connection_aiohttp.xǁConnectionAiohttp8888ǁget_diagnostics__mutmut_10: survived
    custom_components.climate_ip.connection_aiohttp.xǁConnectionAiohttp8888ǁget_diagnostics__mutmut_11: survived
    custom_components.climate_ip.connection_aiohttp.xǁConnectionAiohttp8888ǁget_diagnostics__mutmut_16: survived
    custom_components.climate_ip.connection_aiohttp.xǁConnectionAiohttp8888ǁget_diagnostics__mutmut_19: survived
    custom_components.climate_ip.connection_aiohttp.xǁConnectionAiohttp8888ǁget_diagnostics__mutmut_22: survived
    custom_components.climate_ip.connection_aiohttp.xǁConnectionAiohttp8888ǁclose__mutmut_1: survived
    custom_components.climate_ip.connection_aiohttp.xǁConnectionAiohttp8888ǁclose__mutmut_2: survived
    custom_components.climate_ip.connection_aiohttp.xǁConnectionAiohttp8888ǁclose__mutmut_3: survived
    custom_components.climate_ip.connection_aiohttp.xǁConnectionAiohttp8888ǁclose__mutmut_4: survived
    custom_components.climate_ip.connection_aiohttp.xǁConnectionAiohttp8888ǁclose__mutmut_9: survived
    custom_components.climate_ip.connection_aiohttp.xǁConnectionAiohttp8888ǁclose__mutmut_10: survived
    custom_components.climate_ip.connection_aiohttp.xǁConnectionAiohttp8888ǁclose__mutmut_11: survived
    custom_components.climate_ip.connection_aiohttp.xǁConnectionAiohttp8888ǁclose__mutmut_12: survived
    custom_components.climate_ip.connection_aiohttp.xǁConnectionAiohttp8888ǁclose__mutmut_13: survived
    custom_components.climate_ip.connection_aiohttp.xǁConnectionAiohttp8888ǁclose__mutmut_18: survived
    custom_components.climate_ip.connection_aiohttp.xǁConnectionAiohttp8888ǁclose__mutmut_19: survived
    custom_components.climate_ip.connection_aiohttp.xǁConnectionAiohttp8888ǁclose__mutmut_20: survived
    custom_components.climate_ip.connection_aiohttp.xǁConnectionAiohttp8888ǁclose__mutmut_21: survived
    custom_components.climate_ip.connection_aiohttp.xǁConnectionAiohttp8888ǁclose__mutmut_24: survived
    custom_components.climate_ip.connection_aiohttp.xǁConnectionAiohttp8888ǁclose__mutmut_25: survived
    custom_components.climate_ip.connection_aiohttp.xǁConnectionAiohttp8888ǁclose__mutmut_26: survived
    custom_components.climate_ip.connection_aiohttp.xǁConnectionAiohttp8888ǁclose__mutmut_27: survived
    custom_components.climate_ip.connection_aiohttp.xǁConnectionAiohttp8888ǁclose__mutmut_29: survived
    custom_components.climate_ip.connection_aiohttp.xǁConnectionAiohttp8888ǁclose__mutmut_30: survived
    custom_components.climate_ip.connection_aiohttp.xǁConnectionAiohttp8888ǁclose__mutmut_40: survived
    custom_components.climate_ip.connection_aiohttp.xǁConnectionAiohttp8888ǁclose__mutmut_41: survived
    custom_components.climate_ip.connection_aiohttp.xǁConnectionAiohttp8888ǁclose__mutmut_42: survived
    custom_components.climate_ip.connection_aiohttp.xǁConnectionAiohttp8888ǁclose__mutmut_43: survived
    custom_components.climate_ip.connection_aiohttp.xǁConnectionAiohttp8888ǁclose__mutmut_44: survived
    custom_components.climate_ip.connection_aiohttp.xǁConnectionAiohttp8888ǁclose__mutmut_45: survived
    custom_components.climate_ip.connection_aiohttp.xǁConnectionAiohttp8888ǁclose__mutmut_46: survived
    custom_components.climate_ip.connection_aiohttp.xǁConnectionAiohttp8888ǁclose__mutmut_47: survived
    custom_components.climate_ip.connection_aiohttp.xǁConnectionAiohttp8888ǁclose__mutmut_48: survived
